Device info:nova 12 Ultra
Build info:ADL-AL00U 6.0.0.130(SP15C00E130R2P7)
Fingerprint:bea1ef63bdeb1dc054d0ac682fa12fd57fbc8d7f635321dcf61a62670b766f35
Timestamp:2026-02-15 15:07:16.372
Module name:com.xiaobingkj.shark
Version:1.0.0
VersionCode:1000000
PreInstalled:No
Foreground:Yes
Pid:11998
Uid:20020241
Process life time:6s
Process Memory(kB): 184004(Rss)
Device Memory(kB): Total 11863176, Free 309740, Available 2214912
Page switch history:
  15:07:11.379 :enters foreground
Reason:TypeError
Error name:TypeError
Error message:Cannot read property getHostContext of undefined
Stacktrace:
    at openGithubRun entry (entry/src/main/ets/pages/SettingView.ets:54:54)
    at onclick entry (entry/src/main/ets/pages/SettingView.ets:161:24)
    at anonymous entry (entry/src/main/ets/common/CardRightItem.ets:55:12)
HybridStack:
#00 pc 00000000005659bc /system/lib64/platformsdk/libark_jsruntime.so(1fbc7781e52c91f8ef788e22d5b6bd0d)
#01 pc 0000000000563cbc /system/lib64/platformsdk/libark_jsruntime.so(1fbc7781e52c91f8ef788e22d5b6bd0d)
#02 pc 0000000000563698 /system/lib64/platformsdk/libark_jsruntime.so(1fbc7781e52c91f8ef788e22d5b6bd0d)
#03 pc 0000000000443b64 /system/lib64/platformsdk/libark_jsruntime.so(1fbc7781e52c91f8ef788e22d5b6bd0d)
#04 pc 000000000034cc90 /system/lib64/platformsdk/libark_jsruntime.so(panda::ecmascript::ObjectFactory::GetJSError(panda::ecmascript::base::ErrorType const&, char const*, panda::ecmascript::StackCheck)+292)(1fbc7781e52c91f8ef788e22d5b6bd0d)
#05 pc 0000000000312ed8 /system/lib64/platformsdk/libark_jsruntime.so(1fbc7781e52c91f8ef788e22d5b6bd0d)
#06 pc 00000000003103bc /system/lib64/platformsdk/libark_jsruntime.so(1fbc7781e52c91f8ef788e22d5b6bd0d)
#07 pc 0000000000e2714c /system/lib64/module/arkcompiler/stub.an(RTStub_CallRuntime+44)
#08 pc 0000000000479ac8 /system/lib64/module/arkcompiler/stub.an(BCStub_HandleLdobjbynameImm8Id16StwCopy+5408)
#09 at openGithubRun entry (entry/src/main/ets/pages/SettingView.ets:54:54)
#10 at onclick entry (entry/src/main/ets/pages/SettingView.ets:161:24)
#11 at anonymous entry (entry/src/main/ets/common/CardRightItem.ets:55:12)
#12 pc 00000000002b3848 /system/lib64/platformsdk/libark_jsruntime.so(1fbc7781e52c91f8ef788e22d5b6bd0d)
#13 pc 00000000006d8e98 /system/lib64/platformsdk/libark_jsruntime.so(panda::FunctionRef::Call(panda::ecmascript::EcmaVM const*, panda::Local<panda::JSValueRef>, panda::Local<panda::JSValueRef> const*, int)+520)(1fbc7781e52c91f8ef788e22d5b6bd0d)
#14 pc 0000000000a402c8 /system/lib64/platformsdk/libace_compatible.z.so(e396829cf06b76ec87ccc92d7e45e3ed)
#15 pc 0000000000ac59a8 /system/lib64/platformsdk/libace_compatible.z.so(e396829cf06b76ec87ccc92d7e45e3ed)
#16 pc 00000000010a1544 /system/lib64/platformsdk/libace_compatible.z.so(e396829cf06b76ec87ccc92d7e45e3ed)
#17 pc 00000000010a01f0 /system/lib64/platformsdk/libace_compatible.z.so(e396829cf06b76ec87ccc92d7e45e3ed)
#18 pc 000000000136e0e0 /system/lib64/platformsdk/libace_compatible.z.so(e396829cf06b76ec87ccc92d7e45e3ed)
#19 pc 000000000111ff40 /system/lib64/platformsdk/libace_compatible.z.so(e396829cf06b76ec87ccc92d7e45e3ed)
#20 pc 0000000000ee8254 /system/lib64/platformsdk/libace_compatible.z.so(e396829cf06b76ec87ccc92d7e45e3ed)
#21 pc 0000000000ce8770 /system/lib64/platformsdk/libace_compatible.z.so(e396829cf06b76ec87ccc92d7e45e3ed)
#22 pc 0000000000ee813c /system/lib64/platformsdk/libace_compatible.z.so(e396829cf06b76ec87ccc92d7e45e3ed)
#23 pc 0000000000c17dd4 /system/lib64/platformsdk/libace_compatible.z.so(e396829cf06b76ec87ccc92d7e45e3ed)
#24 pc 0000000000c17bf0 /system/lib64/platformsdk/libace_compatible.z.so(e396829cf06b76ec87ccc92d7e45e3ed)
#25 pc 0000000000c178d8 /system/lib64/platformsdk/libace_compatible.z.so(e396829cf06b76ec87ccc92d7e45e3ed)
#26 pc 0000000000c17ad8 /system/lib64/platformsdk/libace_compatible.z.so(e396829cf06b76ec87ccc92d7e45e3ed)
#27 pc 0000000001373e78 /system/lib64/platformsdk/libace_compatible.z.so(e396829cf06b76ec87ccc92d7e45e3ed)
#28 pc 0000000000acbe80 /system/lib64/platformsdk/libace_compatible.z.so(e396829cf06b76ec87ccc92d7e45e3ed)
#29 pc 0000000000acb644 /system/lib64/platformsdk/libace_compatible.z.so(e396829cf06b76ec87ccc92d7e45e3ed)
#30 pc 0000000000bce330 /system/lib64/platformsdk/libace_compatible.z.so(e396829cf06b76ec87ccc92d7e45e3ed)
#31 pc 0000000000afa144 /system/lib64/platformsdk/libace_compatible.z.so(e396829cf06b76ec87ccc92d7e45e3ed)
#32 pc 0000000000af6730 /system/lib64/platformsdk/libace_compatible.z.so(e396829cf06b76ec87ccc92d7e45e3ed)
#33 pc 0000000000db6438 /system/lib64/platformsdk/libace_compatible.z.so(OHOS::Ace::NG::PipelineContext::OnTouchEvent(OHOS::Ace::TouchEvent const&, OHOS::Ace::RefPtr<OHOS::Ace::NG::FrameNode> const&, bool)+1892)(e396829cf06b76ec87ccc92d7e45e3ed)
#34 pc 0000000000db5948 /system/lib64/platformsdk/libace_compatible.z.so(e396829cf06b76ec87ccc92d7e45e3ed)
#35 pc 0000000000dc8894 /system/lib64/platformsdk/libace_compatible.z.so(e396829cf06b76ec87ccc92d7e45e3ed)
#36 pc 000000000375bb44 /system/lib64/platformsdk/libace_compatible.z.so(OHOS::Ace::UIContentImpl::ProcessPointerEvent(std::__h::shared_ptr<OHOS::MMI::PointerEvent> const&)+1152)(e396829cf06b76ec87ccc92d7e45e3ed)
#37 pc 0000000000232aa8 /system/lib64/libwm.z.so(OHOS::Rosen::WindowSessionImpl::NotifyPointerEvent(std::__h::shared_ptr<OHOS::MMI::PointerEvent> const&)+1216)(0ef74800756a1df4fa0d0f2c5bbcbe0d)
#38 pc 00000000001ff5e4 /system/lib64/libwm.z.so(OHOS::Rosen::WindowSceneSessionImpl::ConsumePointerEventInner(std::__h::shared_ptr<OHOS::MMI::PointerEvent> const&, OHOS::MMI::PointerEvent::PointerItem&, bool)+808)(0ef74800756a1df4fa0d0f2c5bbcbe0d)
#39 pc 00000000001c38a8 /system/lib64/libwm.z.so(OHOS::Rosen::WindowSceneSessionImpl::ConsumePointerEvent(std::__h::shared_ptr<OHOS::MMI::PointerEvent> const&)+1372)(0ef74800756a1df4fa0d0f2c5bbcbe0d)
#40 pc 000000000018de18 /system/lib64/libwm.z.so(OHOS::Rosen::WindowInputChannel::HandlePointerEvent(std::__h::shared_ptr<OHOS::MMI::PointerEvent>&)+1496)(0ef74800756a1df4fa0d0f2c5bbcbe0d)
#41 pc 000000000010cbd0 /system/lib64/libwm.z.so(OHOS::Rosen::InputEventListener::HandleInputEvent(std::__h::shared_ptr<OHOS::MMI::PointerEvent>) const+208)(0ef74800756a1df4fa0d0f2c5bbcbe0d)
#42 pc 000000000010d2e8 /system/lib64/libwm.z.so(OHOS::Rosen::InputEventListener::OnInputEvent(std::__h::shared_ptr<OHOS::MMI::PointerEvent>) const+164)(0ef74800756a1df4fa0d0f2c5bbcbe0d)
#43 pc 00000000000be854 /system/lib64/platformsdk/libmmi-client.z.so(OHOS::MMI::InputManagerImpl::OnPointerEvent(std::__h::shared_ptr<OHOS::MMI::PointerEvent>)+1992)(50ca24f374812967adbc5d4d96b493ba)
#44 pc 00000000000a4580 /system/lib64/platformsdk/libmmi-client.z.so(OHOS::MMI::ClientMsgHandler::OnPointerEvent(OHOS::MMI::UDSClient const&, OHOS::MMI::NetPacket&)+1520)(50ca24f374812967adbc5d4d96b493ba)
#45 pc 00000000000a2954 /system/lib64/platformsdk/libmmi-client.z.so(OHOS::MMI::ClientMsgHandler::OnMsgHandler(OHOS::MMI::UDSClient const&, OHOS::MMI::NetPacket&)+792)(50ca24f374812967adbc5d4d96b493ba)
#46 pc 000000000005fa20 /system/lib64/platformsdk/libmmi-util.z.so(OHOS::MMI::UDSSocket::OnReadPackets(OHOS::MMI::CircleStreamBuffer&, std::__h::function<void (OHOS::MMI::NetPacket&)>)+340)(734f6bd8c83eecbda782cf2ca80564f5)
#47 pc 00000000000ecccc /system/lib64/platformsdk/libmmi-client.z.so(OHOS::MMI::MMIClient::OnRecvMsg(char const*, unsigned long)+368)(50ca24f374812967adbc5d4d96b493ba)
#48 pc 00000000000eebd8 /system/lib64/platformsdk/libmmi-client.z.so(50ca24f374812967adbc5d4d96b493ba)
#49 pc 000000000002bf0c /system/lib64/chipset-sdk-sp/libeventhandler.z.so(6715b33ca4843cf9aee5903eb88326a5)
#50 pc 000000000001feac /system/lib64/chipset-sdk-sp/libeventhandler.z.so(6715b33ca4843cf9aee5903eb88326a5)
#51 pc 000000000001ed94 /system/lib64/chipset-sdk-sp/libeventhandler.z.so(6715b33ca4843cf9aee5903eb88326a5)
#52 pc 000000000003cee8 /system/lib64/chipset-sdk-sp/libeventhandler.z.so(OHOS::AppExecFwk::EventRunner::Run()+400)(6715b33ca4843cf9aee5903eb88326a5)
#53 pc 00000000000d4978 /system/lib64/platformsdk/libappkit_native.z.so(OHOS::AppExecFwk::MainThread::Start()+420)(2578e681cf5af64ea74dfc93eaf591f0)
#54 pc 0000000000005ae0 /system/lib64/appspawn/appspawn/libappspawn_ace.z.so(cfc8c0542014038c67fd6e8022c89b35)
#55 pc 000000000000bf0c /system/bin/appspawn(d2a86de64bd8aa5709c415afe0910d27)
#56 pc 00000000000177b8 /system/bin/appspawn(d2a86de64bd8aa5709c415afe0910d27)
#57 pc 0000000000014ce0 /system/bin/appspawn(d2a86de64bd8aa5709c415afe0910d27)
#58 pc 0000000000017b90 /system/lib64/chipset-sdk-sp/libbegetutil.z.so(ed4a2a880937610a44920d3fc964188f)
#59 pc 00000000000174a8 /system/lib64/chipset-sdk-sp/libbegetutil.z.so(ed4a2a880937610a44920d3fc964188f)
#60 pc 0000000000014798 /system/lib64/chipset-sdk-sp/libbegetutil.z.so(ed4a2a880937610a44920d3fc964188f)
#61 pc 0000000000014228 /system/lib64/chipset-sdk-sp/libbegetutil.z.so(ed4a2a880937610a44920d3fc964188f)
#62 pc 00000000000118fc /system/bin/appspawn(d2a86de64bd8aa5709c415afe0910d27)
#63 pc 000000000000f6b0 /system/bin/appspawn(d2a86de64bd8aa5709c415afe0910d27)
#64 pc 00000000000a98f4 /system/lib/ld-musl-aarch64.so.1(6dfe4ecea22714b3e8fc8be36e2d9484)
#65 pc 000000000000bc50 /system/bin/appspawn(d2a86de64bd8aa5709c415afe0910d27)

HiLog:
02-15 15:07:11.125 11998 11998 I C02C11/appspawn/APPSPAWN: AppSpawnChild id 906 flags:0xc
02-15 15:07:11.126 11998 11998 I C02C02/PARAM: ResetParamSecurityLabel Fd:17
02-15 15:07:11.127 11998 11998 I C02D33/com.xiaobingkj.shark/HitraceOption: FilterAppTrace com.xiaobingkj.shark 11998
02-15 15:07:11.148 11998 11998 W C02C11/com.xiaobingkj.shark/APPSPAWN: errno:2 bind mount /system/data to /mnt/sandbox/100/com.xiaobingkj.shark/system/data
02-15 15:07:11.149 11998 11998 I C02C11/com.xiaobingkj.shark/APPSPAWN: file /mnt/sandbox/100/com.xiaobingkj.shark/data/service/el1/public/hosts_user/hosts already exist
02-15 15:07:11.149 11998 11998 W C02C11/com.xiaobingkj.shark/APPSPAWN: errno:2 bind mount /system/etc/hosts to /mnt/sandbox/100/com.xiaobingkj.shark/data/service/el1/public/hosts_user/hosts
02-15 15:07:11.150 11998 11998 W C02C11/com.xiaobingkj.shark/APPSPAWN: errno:2 bind mount /vendor/lib to /mnt/sandbox/100/com.xiaobingkj.shark/vendor/lib
02-15 15:07:11.152 11998 11998 W C02C11/com.xiaobingkj.shark/APPSPAWN: errno:2 bind mount /data/app/el1/public/aot_compiler/ark_cache/com.xiaobingkj.shark to /mnt/sandbox/100/com.xiaobingkj.shark/data/storage/ark-cache
02-15 15:07:11.152 11998 11998 W C02C11/com.xiaobingkj.shark/APPSPAWN: check dir /data/app/el1/public/aot_compiler/ark_cache/com.xiaobingkj.shark failed,strerror:No such file or directory
02-15 15:07:11.155 11998 11998 W C02C11/com.xiaobingkj.shark/APPSPAWN: errno:13 private mount to /mnt/sandbox/100/com.xiaobingkj.shark/data/service/el0/public/for-all-app '524288' failed
02-15 15:07:11.157 11998 11998 W C02C11/com.xiaobingkj.shark/APPSPAWN: errno:2 bind mount /chip_prod/etc/passthrough to /mnt/sandbox/100/com.xiaobingkj.shark/chip_prod/etc/passthrough
02-15 15:07:11.157 11998 11998 W C02C11/com.xiaobingkj.shark/APPSPAWN: errno:13 private mount to /mnt/sandbox/100/com.xiaobingkj.shark/vendor/etc/vulkan '524288' failed
02-15 15:07:11.159 11998 11998 W C02C11/com.xiaobingkj.shark/APPSPAWN: errno:2 bind mount /vendor/etc/silk to /mnt/sandbox/100/com.xiaobingkj.shark/vendor/etc/silk
02-15 15:07:11.159 11998 11998 W C02C11/com.xiaobingkj.shark/APPSPAWN: errno:2 bind mount /system/asan/lib64 to /mnt/sandbox/100/com.xiaobingkj.shark/system/asan/lib64
02-15 15:07:11.160 11998 11998 W C02C11/com.xiaobingkj.shark/APPSPAWN: errno:2 bind mount /vendor/asan/lib64 to /mnt/sandbox/100/com.xiaobingkj.shark/vendor/asan/lib64
02-15 15:07:11.160 11998 11998 W C02C11/com.xiaobingkj.shark/APPSPAWN: errno:13 private mount to /mnt/sandbox/100/com.xiaobingkj.shark/chip_prod/lib64/passthrough '524288' failed
02-15 15:07:11.162 11998 11998 W C02C11/com.xiaobingkj.shark/APPSPAWN: errno:2 bind mount /system/app/ohos.global.systemres to /mnt/sandbox/100/com.xiaobingkj.shark/data/global/systemResources
02-15 15:07:11.166 11998 11998 W C02C11/com.xiaobingkj.shark/APPSPAWN: errno:2 bind mount /data/preload/app to /mnt/sandbox/100/com.xiaobingkj.shark/data/preload/app
02-15 15:07:11.177 11998 11998 I C02C11/com.xiaobingkj.shark/APPSPAWN: path /storage/Users/currentUser/Download/com.xiaobingkj.shark mode 0x3
02-15 15:07:11.177 11998 11998 E C05A06/com.xiaobingkj.shark/CODE_SIGN: [XpmIoctl]:Ioctl cmd 40087803 failed: Invalid argument (ignore)
02-15 15:07:11.197 11998 11998 I C05A05/com.xiaobingkj.shark/SecCompEnhanceClient: [RegisterCheckCallback]Register secComp: sessionId=1445228295, seqNum=******668.
02-15 15:07:11.201 11998 11998 I C02D0B/com.xiaobingkj.shark/HICHECKER: hichecker param is empty.
02-15 15:07:11.201 11998 11998 I C04500/com.xiaobingkj.shark/webview: SelectWebcoreBeforeProcessRun: SelectWebcoreBeforeProcessRun for app com.xiaobingkj.shark.
02-15 15:07:11.202 11998 11998 I C02C11/com.xiaobingkj.shark/APPSPAWN: ClearEnvAndReturnSuccess 4
02-15 15:07:11.202 11998 11998 I C01317/com.xiaobingkj.shark/AppKit: [MAINTHD3066]mainthread start, pid:11998
02-15 15:07:11.208 11998 11998 I C01719/com.xiaobingkj.shark/ffrt: 2:QueueMonitor:46 timeout:30000000 us
02-15 15:07:11.210 11998 11998 I C01317/com.xiaobingkj.shark/AppKit: [MAINTHD425]attach
02-15 15:07:11.224 11998 11998 I C03900/com.xiaobingkj.shark/ACE_UIContent: [69]AceForwardCompatibility [com.xiaobingkj.shark] force:1 newpipe:1
02-15 15:07:11.224 11998 12068 I C01317/com.xiaobingkj.shark/AppKit: [MAINTHD819]ScheduleLaunchAbility called, ability EntryAbility, type is 1.
02-15 15:07:11.225 11998 11998 I C01317/com.xiaobingkj.shark/AppKit: [MAINTHD250]NativeLibPath empty
02-15 15:07:11.229 11998 11998 I C01317/com.xiaobingkj.shark/AppKit: [MAINTHD1751]SmartGC: process is start. enable warm startup SmartGC: 0
02-15 15:07:11.230 11998 11998 I C03F00/com.xiaobingkj.shark/ArkCompiler: [ecmascript] asmint: 1, aot: 0, jit: 1, baseline jit: 0, bundle name: com.xiaobingkj.shark
02-15 15:07:11.233 11998 11998 I C03F00/com.xiaobingkj.shark/ArkCompiler: [ecmascript] multi-thread check enabled: 0
02-15 15:07:11.233 11998 11998 I C03F00/com.xiaobingkj.shark/ArkCompiler: [pgo] reset pgo profiler, pgo profiler is disabled
02-15 15:07:11.234 11998 12072 W C01719/com.xiaobingkj.shark/ffrt: 3:operator():110 [-388925048] set priority warn ret[1] eno[0]
02-15 15:07:11.234 11998 11998 I C03301/com.xiaobingkj.shark/LIBUV: init:896
02-15 15:07:11.234 11998 11998 I C03301/com.xiaobingkj.shark/LIBUV: init:896, backend_fd:24
02-15 15:07:11.235 11998 11998 I C03301/com.xiaobingkj.shark/LIBUV: open:896, pipefd[0]:28
02-15 15:07:11.237 11998 11998 I C03F00/com.xiaobingkj.shark/ArkCompiler: [ecmascript] can not find aot file
02-15 15:07:11.255 11998 11998 I C03F00/com.xiaobingkj.shark/ArkCompiler: StartServer, componentName = <private>
02-15 15:07:11.255 11998 11998 W C01321/com.xiaobingkj.shark/JsRuntime: [CSM162]not Connected
02-15 15:07:11.255 11998 11998 I C03F00/com.xiaobingkj.shark/ArkCompiler: [ecmascript] JSNApi::NotifyDebugMode, tid = 11998, debugApp = 1, isDebugMode = 0, instanceId = 0
02-15 15:07:11.258 11998 11998 I C03F00/com.xiaobingkj.shark/ArkCompiler: [compiler] __jit_debug_register_code() is called.
02-15 15:07:11.258 11998 11998 I C03F00/com.xiaobingkj.shark/ArkCompiler: [compiler] success to register stub.an to debugger.
02-15 15:07:11.262 11998 11998 W C01E00/com.xiaobingkj.shark/ResourceManager: update userId, currentUserId_= 0, userId= 100
02-15 15:07:11.262 11998 12071 I C01317/com.xiaobingkj.shark/AppKit: [DRH395]File existed. dir: /data/storage/el2/base/cache/rawheap
02-15 15:07:11.266 11998 12071 I C01317/com.xiaobingkj.shark/AppKit: [DRH375]success to AclSetAccess, path: /data/storage/el2/base/cache/rawheap
02-15 15:07:11.266 11998 12080 W C01653/com.xiaobingkj.shark/NativePreferences: LoadFromDisk: The settingXml /***/el1/***/i18*** load failed.
02-15 15:07:11.273 11998 11998 E C01301/com.xiaobingkj.shark/CompatiblePolicyDeviceType: [calculateResourceType:81]deviceType is empty.
02-15 15:07:11.274 11998 11998 I C01317/com.xiaobingkj.shark/AppKit: [application_cleaner94]ClearTempData
02-15 15:07:11.279 11998 11998 I C01317/com.xiaobingkj.shark/AppKit: [js_ability_stage190]AbilityStage::LoadModule
02-15 15:07:11.279 11998 11998 W C01317/com.xiaobingkj.shark/AppKit: [js_ability_stage935]null stage
02-15 15:07:11.279 11998 11998 W C01317/com.xiaobingkj.shark/AppKit: [js_ability_stage233]Not found AbilityStage.js
02-15 15:07:11.279 11998 12078 I C02C03/PARAM_WATCHER: Add watcher keyPrefix persist.hdc.jdwp remoteWatcherId 995 success
02-15 15:07:11.279 11998 12078 I C02D13/com.xiaobingkj.shark/HDC_LOG: AddWatchHdcdJdwp rc:0
02-15 15:07:11.279 11998 12078 I C02D13/com.xiaobingkj.shark/HDC_LOG: connect success cfd:36
02-15 15:07:11.279 11998 12078 I C02D13/com.xiaobingkj.shark/HDC_LOG: Send2Jdwp send pid:11998, pp:com.xiaobingkj.shark, isDebug:1, msglen:32
02-15 15:07:11.280 11998 11998 I C01332/com.xiaobingkj.shark/UIAbility: [JUA348]called
02-15 15:07:11.280 11998 11998 I C03F00/com.xiaobingkj.shark/ArkCompiler: [ecmascript] start to execute module buffer with secure memory: /data/storage/el1/bundle/entry/ets/entryability/EntryAbility.abc
02-15 15:07:11.284 11998 12076 I C03F00/com.xiaobingkj.shark/ArkCompiler: [pgo] will save profiler to file /data/storage/ark-profile/rt_entry.ap
02-15 15:07:11.299 11998 11998 W C03F01/com.xiaobingkj.shark/NAPI: [NMM:1369]Module path conflict: collaboration.rcp
02-15 15:07:11.304 11998 12084 I C02D07/com.xiaobingkj.shark/ObserverMgr: succ to register application state callback
02-15 15:07:11.313 11998 12084 I C02D07/com.xiaobingkj.shark/ModuleLoader: succ to load module=/system/lib64/libha_app_event.z.so.
02-15 15:07:11.318 11998 11998 I C01320/com.xiaobingkj.shark/JsEnv: [js_environment290]timing: 38
02-15 15:07:11.318 11998 11998 I C01320/com.xiaobingkj.shark/JSENV: Callee constructor is OK string
02-15 15:07:11.318 11998 11998 I C01320/com.xiaobingkj.shark/JSENV: Ability::constructor callee is object [object Object]
02-15 15:07:11.319 11998 11998 I C01332/com.xiaobingkj.shark/UIAbility: [JUA393]End
02-15 15:07:11.319 11998 11998 I C01332/com.xiaobingkj.shark/UIAbility: [ui_ability_thread169]Lifecycle:Attach
02-15 15:07:11.320 11998 12088 W C01650/com.xiaobingkj.shark/Rdb: RdbStoreManager[IsConfigInvalidChanged]: no bundleName
02-15 15:07:11.322 11998 12088 E C01650/com.xiaobingkj.shark/Rdb: RdbStoreManager[IsSupportSilentFromService]: GetRdbService failed, err is 27394049.
02-15 15:07:11.323 11998 11998 I C01317/com.xiaobingkj.shark/AppKit: [MAINTHD2710]called
02-15 15:07:11.323 11998 11998 I C03F00/com.xiaobingkj.shark/ArkCompiler: [gc] app is not inBackground
02-15 15:07:11.323 11998 12088 I C01630/com.xiaobingkj.shark/DistributedDB: [TimeHelper] init
02-15 15:07:11.323 11998 12088 I C01630/com.xiaobingkj.shark/DistributedDB: [TimeHelper] init
02-15 15:07:11.328 11998 12088 I C01650/com.xiaobingkj.shark/Rdb: Config[Log]: Error(283) recovered 46 frames from WAL file /dat***/sto***/e**/bas***/fil***/hia***ent/dat***ses/app***.db-wal 
02-15 15:07:11.329 11998 12070 I C01332/com.xiaobingkj.shark/UIAbility: [ui_ability_thread317]name:EntryAbility,targeState:5,isNewWant:0
02-15 15:07:11.330 11998 11998 I C01332/com.xiaobingkj.shark/UIAbility: [ui_ability_thread236]Lifecycle:name EntryAbility
02-15 15:07:11.330 11998 11998 I C04201/com.xiaobingkj.shark/DMS: AddDisplayIdFromAms: abilityToken and display[0] has been added.
02-15 15:07:11.331 11998 11998 I C01332/com.xiaobingkj.shark/UIAbility: [JUA1854]JsUIAbility call js, name: onCreate
02-15 15:07:11.331 11998 11998 I C01317/com.xiaobingkj.shark/AppKit: [ohos_application1111]current 2, pre 0
02-15 15:07:11.331 11998 11998 W C01317/com.xiaobingkj.shark/AppKit: [ohos_application1140]fontSize empty
02-15 15:07:11.331 11998 11998 I C01317/com.xiaobingkj.shark/AppKit: [ohos_application1171]current 2, pre 0
02-15 15:07:11.331 11998 11998 W C01317/com.xiaobingkj.shark/AppKit: [ohos_application1175]language empty
02-15 15:07:11.331 11998 11998 W C01317/com.xiaobingkj.shark/AppKit: [ohos_application1194]language and locale empty
02-15 15:07:11.331 11998 11998 I C01317/com.xiaobingkj.shark/AppKit: [ohos_application287]configuration_: {"0#const.build.characteristics":"phone","0#input.pointer.device":"false","0#ohos.app.fontSizeScale":"nonFollowSystem","0#ohos.application.densitydpi":"xxxldpi","0#ohos.application.direction":"vertical","0#ohos.application.displayid":"0","0#ohos.system.colorMode":"light","0#ohos.system.colorMode.isSetByApp":"isSetByApp","0#ohos.system.fontSizeScale":"1.0","0#ohos.system.fontWeightScale":"1.0","0#ohos.system.hour":"true","0#ohos.system.language":"zh-Hans-CN","0#ohos.system.locale":"zh-Hans-CN","0#ohos.system.mcc":"460","0#ohos.system.mnc":"11"}, config: {"0#ohos.system.colorMode":"light","0#ohos.system.colorMode.isSetByApp":"isSetByApp"}
02-15 15:07:11.331 11998 11998 E C04217/com.xiaobingkj.shark/WMSAttribute: UpdateConfigurationSyncForAll: root is null
02-15 15:07:11.332 11998 11998 I C01332/com.xiaobingkj.shark/UIAbility: [JUA1854]JsUIAbility call js, name: onConfigurationUpdated
02-15 15:07:11.332 11998 11998 I C01332/com.xiaobingkj.shark/UIAbility: [JUA1899]end, name: onConfigurationUpdated, time: 0
02-15 15:07:11.332 11998 11998 I C01332/com.xiaobingkj.shark/UIAbility: [JUA1854]JsUIAbility call js, name: onConfigurationUpdate
02-15 15:07:11.332 11998 11998 I C01332/com.xiaobingkj.shark/UIAbility: [JUA1899]end, name: onConfigurationUpdate, time: 0
02-15 15:07:11.332 11998 11998 W C01317/com.xiaobingkj.shark/AppKit: [js_ability_stage822]Not found AbilityStage.js
02-15 15:07:11.332 11998 11998 W C01317/com.xiaobingkj.shark/AppKit: [js_ability_stage822]Not found AbilityStage.js
02-15 15:07:11.332 11998 11998 I C01317/com.xiaobingkj.shark/AppKit: [ohos_application311]ignoreWindowContext size 0
02-15 15:07:11.332 11998 11998 E C04217/com.xiaobingkj.shark/WMSAttribute: UpdateConfigurationForAll: root is null
02-15 15:07:11.332 11998 11998 I A00000/com.xiaobingkj.shark/testTag: Ability onCreate
02-15 15:07:11.332 11998 11998 D A00000/com.xiaobingkj.shark/testTag: want.parameters:[object Object]
02-15 15:07:11.332 11998 12088 I C01650/com.xiaobingkj.shark/Rdb: ConnectionPool[Create]: code:0 app[:] area[el2] cfg[0,0,0,0,1,0,0]app***.db:<DB,0x11625,4096,100660><DWR,0x11639,12288,100660><SHM,0x1197d,32768,100660><WAL,0x11956,189552,100660>, pathSize:61
02-15 15:07:11.332 11998 11998 I A03D00/com.xiaobingkj.shark/JSAPP: start newDistributed
02-15 15:07:11.333 11998 11998 I A03D00/com.xiaobingkj.shark/JSAPP: constructor success 
02-15 15:07:11.333 11998 11998 I A03D00/com.xiaobingkj.shark/JSAPP: not join a session, can not do save
02-15 15:07:11.334 11998 11998 I C01332/com.xiaobingkj.shark/UIAbility: [JUA1899]end, name: onCreate, time: 3
02-15 15:07:11.334 11998 11998 E C01332/com.xiaobingkj.shark/UIAbility: [ui_ability_impl305]hasSaveData_: false
02-15 15:07:11.334 11998 11998 W C01332/com.xiaobingkj.shark/UIAbility: [JUA1088]formatRegex: []
02-15 15:07:11.334 11998 11998 I C04202/com.xiaobingkj.shark/WMSMain: Init: WindowScene with window session!
02-15 15:07:11.334 11998 11998 I C04202/com.xiaobingkj.shark/WMSMain: Init: set isModuleAbilityHookEnd
02-15 15:07:11.334 11998 11998 I C04204/com.xiaobingkj.shark/WMSScb: RS multi-instance enabled: 1, deviceType phone
02-15 15:07:11.334 11998 11998 I C01406/com.xiaobingkj.shark/OHOS::RS: multi-instance, create RSUIContextManager, isMultiInstanceOpen_ 1
02-15 15:07:11.335 11998 11998 I C02C03/PARAM_WATCHER: Add watcher keyPrefix persist.sys.graphic.animationscale remoteWatcherId 995 success
02-15 15:07:11.335 11998 11998 I C04204/com.xiaobingkj.shark/WMSScb: InitRSUIDirector: Create RSUIDirector: RSUIDirector's RSUIContext [token: 51531017617409, tid: 11998], rsUIContext: RSUIContext is null
02-15 15:07:11.338 11998 11998 I C01406/com.xiaobingkj.shark/OHOS::RS: RSLogManager init log flag: 0x0(0)
02-15 15:07:11.338 11998 11998 I C01406/com.xiaobingkj.shark/OHOS::RS: RSFrameRateLinker::Create id: 51531017617408
02-15 15:07:11.338 11998 11998 I C04202/com.xiaobingkj.shark/WMSMain: VsyncStation: id 51531017617410 created
02-15 15:07:11.338 11998 11998 I C04200/com.xiaobingkj.shark/WindowSceneSessionImpl: WindowSceneSessionImpl: [WMSCom] Constructor shark0
02-15 15:07:11.339 11998 11998 E C04200/com.xiaobingkj.shark/WMS: SetWindowType: permission denied!
02-15 15:07:11.339 11998 11998 I C0420A/com.xiaobingkj.shark/WMSLife: Create: Window Create name:shark0, state:0, mode:0
02-15 15:07:11.339 11998 11998 I C0420A/com.xiaobingkj.shark/WMSLife: Create: SetIsAbilityHookOff 0
02-15 15:07:11.339 11998 11998 W C0420A/com.xiaobingkj.shark/WMSLife: IsWindowSessionInvalid: already destroyed or not created! id: 0 state_: 0
02-15 15:07:11.339 11998 11998 W C04200/com.xiaobingkj.shark/WindowSceneSessionImpl: AdjustWindowAnimationFlag: session invalid!
02-15 15:07:11.339 11998 11998 I C04200/com.xiaobingkj.shark/WindowSceneSessionImpl: Remove window flag WINDOW_FLAG_SHOW_WHEN_LOCKED
02-15 15:07:11.340 11998 11998 I C0420A/com.xiaobingkj.shark/WMSLife: Connect: in
02-15 15:07:11.341 11998 12070 I C04208/com.xiaobingkj.shark/WMSLayout: NotifyAppHookWindowInfoUpdated: in
02-15 15:07:11.343 11998 11998 I C04208/com.xiaobingkj.shark/WMSLayout: Connect: updateRect when connect.preRect:[0,0,0,0]rect:[0,0,1224,2776]
02-15 15:07:11.343 11998 11998 I C0420A/com.xiaobingkj.shark/WMSLife: Connect: Window Connect [name:shark0, id:117, type:1], ret:0
02-15 15:07:11.344 11998 11998 I C04208/com.xiaobingkj.shark/WMSLayout: NotifyWindowStatusChange: id:117, windowMode:1, windowStatus:1, lastWindowStatus:0, skipRedundantWindowStatusNotifications:0
02-15 15:07:11.344 11998 11998 I C04208/com.xiaobingkj.shark/WMSLayout: SetConfigWindowLimitsVP: id:117, windowLimits:[0 0 0 0 0.000000 0.000000 1.000000 1]
02-15 15:07:11.344 11998 11998 I C04208/com.xiaobingkj.shark/WMSLayout: GetSystemSizeLimits: px[6480,6480,1080,810], vp[1920,1920,320,240], configMax:1920, vpr:3.375000, winType:1
02-15 15:07:11.345 11998 11998 I C0421A/com.xiaobingkj.shark/WMSLayoutPc: GetSupportedWindowModesConfiguration: winId: 117, windowModeSupportType: 15
02-15 15:07:11.345 11998 11998 I C0420F/com.xiaobingkj.shark/WMSRecover: RegisterSessionRecoverCallbackFunc: persistentId=117
02-15 15:07:11.345 11998 11998 I C04217/com.xiaobingkj.shark/WMSAttribute: UpdateDefaultStatusBarColor: win=117, appColor=light
02-15 15:07:11.345 11998 11998 I C04209/com.xiaobingkj.shark/WMSImms: SetSpecificBarProperty: win [117 shark0] type 2108 1 ffffff ff000000 0 4
02-15 15:07:11.346 11998 11998 I C04200/com.xiaobingkj.shark/WMS: IsMainHandlerAvailable: id:117, isAvailable:1
02-15 15:07:11.346 11998 11998 I C04200/com.xiaobingkj.shark/WMS: IsMainHandlerAvailable: id:117, isAvailable:1
02-15 15:07:11.346 11998 11998 I C02800/com.xiaobingkj.shark/InputManagerImpl: [][SetWindowInputEventConsumer:364] enter
02-15 15:07:11.348 11998 12070 I C04208/com.xiaobingkj.shark/WMSLayout: SetAppHookWindowInfo: Id:117, preHookWindowInfo:[enableHookWindow: false, widthHookRatio: 1.000000], newHookWindowInfo:[enableHookWindow: false, widthHookRatio: 1.000000]
02-15 15:07:11.349 11998 11998 I C02800/com.xiaobingkj.shark/MMIClient: [][OnConnected:267] Connection to server succeeded, fd:52
02-15 15:07:11.349 11998 11998 I C02800/com.xiaobingkj.shark/MMIClient: [][AddFdListener:166] Server was listening
02-15 15:07:11.349 11998 11998 I C02800/com.xiaobingkj.shark/MMIClient: [][StartEventRunner:127] reuse current event handler, thread name:
02-15 15:07:11.349 11998 11998 I C02800/com.xiaobingkj.shark/MMIClient: [][StartEventRunner:130] File fd is in listening
02-15 15:07:11.349 11998 11998 I C02800/com.xiaobingkj.shark/InputManagerImpl: [][SetWindowInputEventConsumer] leave
02-15 15:07:11.349 11998 11998 I C0420C/com.xiaobingkj.shark/WMSEvent: AddInputWindow: SetWindowInputEventConsumer success, wid:117
02-15 15:07:11.349 11998 11998 I C0420C/com.xiaobingkj.shark/WMSEvent: LoadGameController: in
02-15 15:07:11.350 11998 12070 I C0421D/com.xiaobingkj.shark/WMSRotation: SetCurrentRotation: currentRotation: 0
02-15 15:07:11.350 11998 12088 I C02D07/com.xiaobingkj.shark/Store: create db store successfully
02-15 15:07:11.353 11998 11998 I C04732/com.xiaobingkj.shark/GameController: [(RegisterEntryModule:24)]begin load gamecontroller_event
02-15 15:07:11.353 11998 11998 I C04732/com.xiaobingkj.shark/GameController: [(StartInputToTouch:57)]Begin StartInputToTouch
02-15 15:07:11.354 11998 11998 I C0420C/com.xiaobingkj.shark/WMSEvent: LoadGameController: dlopen GameController success
02-15 15:07:11.354 11998 11998 I C04217/com.xiaobingkj.shark/WMSAttribute: ConnectServer: start connect
02-15 15:07:11.361 11998 12088 I C02D07/com.xiaobingkj.shark/ObserverDao: succ to query observer seq=1, name=ha_app_event, hash=-1070249184146722779
02-15 15:07:11.365 11998 11998 I C04217/com.xiaobingkj.shark/WMSAttribute: ConnectServer: end connect
02-15 15:07:11.365 11998 11998 W C04217/com.xiaobingkj.shark/WMSAttribute: RegisterGetWMSWindowListCallback: callback has registered
02-15 15:07:11.365 11998 11998 I C04217/com.xiaobingkj.shark/WMSAttribute: RegisterGetWMSWindowListCallback: winId: 117
02-15 15:07:11.365 11998 11998 I C04217/com.xiaobingkj.shark/WMSAttribute: UpdateColorMode: winId: 117, colorMode: light
02-15 15:07:11.365 11998 12067 I C04208/com.xiaobingkj.shark/WMSLayout: UpdateRect: id:117 name:shark0 rect:[0 0 1224 2776]->[0 0 1224 2776] reason:0 displayId:0
02-15 15:07:11.365 11998 11998 I C04217/com.xiaobingkj.shark/WMSAttribute: UpdateColorMode: winId: 117, colorMode: light, hasDarkRes: 1
02-15 15:07:11.365 11998 12084 I C02D07/com.xiaobingkj.shark/ObserverMgr: register processor=1 successfully
02-15 15:07:11.365 11998 11998 I C0421C/com.xiaobingkj.shark/WMSCompat: SetPcAppInpadSpecificSystemBarInvisible: isPcAppInpadSpecificSystemBarInvisible: 0
02-15 15:07:11.365 11998 11998 I C0421C/com.xiaobingkj.shark/WMSCompat: SetPcAppInpadOrientationLandscape: isPcAppInpadOrientationLandscape: 0
02-15 15:07:11.365 11998 11998 E C04200/com.xiaobingkj.shark/WMS: singleton_container.cpp GetSingleton: cant get OHOS::Rosen::WindowInfoReporter
02-15 15:07:11.366 11998 11998 I C01332/com.xiaobingkj.shark/UIAbility: [JUA1854]JsUIAbility call js, name: onWindowStageCreate
02-15 15:07:11.366 11998 11998 I A00000/com.xiaobingkj.shark/testTag: Ability onWindowStageCreate
02-15 15:07:11.366 11998 12067 W C04208/com.xiaobingkj.shark/WMSLayout: NotifySingleHandTransformChange: id:117, uiContent is nullptr
02-15 15:07:11.366 11998 11998 I A03D00/com.xiaobingkj.shark/JSAPP: [RCP]  session list: ["0"] after create: undefined
02-15 15:07:11.367 11998 11998 I C01653/com.xiaobingkj.shark/PreferencesJsKit: GetContextMode: set gContextNode: 1, status: 0,
02-15 15:07:11.368 11998 12093 I C04732/com.xiaobingkj.shark/GameController: [(GetSelfBundleName:49)]The current bundleName [com.xiaobingkj.shark]. version [1.0.0]
02-15 15:07:11.368 11998 12093 I C04732/com.xiaobingkj.shark/GameController: [(IsCommonApp:88)]The [com.xiaobingkj.shark] is a common app.
02-15 15:07:11.369 11998 12093 I C04732/com.xiaobingkj.shark/GameController: [(ReadJsonFromFile:214)]load game_support_key_mapping.json file success.
02-15 15:07:11.370 11998 12093 I C04732/com.xiaobingkj.shark/GameController: [(DoAsyncTask:71)]The app does not support input-to-touch feature.
02-15 15:07:11.371 11998 12080 I C01653/com.xiaobingkj.shark/NativePreferences: XmlReadFile: file:/***/el2/***/sha***, m:0.
02-15 15:07:11.371 11998 11998 I C04200/com.xiaobingkj.shark/JsWindowStage: LoadContent: [NAPI]
02-15 15:07:11.371 11998 11998 I C01332/com.xiaobingkj.shark/UIAbility: [JUA1899]end, name: onWindowStageCreate, time: 6
02-15 15:07:11.371 11998 11998 I C01332/com.xiaobingkj.shark/UIAbility: [JUA1854]JsUIAbility call js, name: onWillForeground
02-15 15:07:11.372 11998 11998 I C01332/com.xiaobingkj.shark/UIAbility: [JUA1899]end, name: onWillForeground, time: 0
02-15 15:07:11.372 11998 11998 I C04202/com.xiaobingkj.shark/WMSMain: GoForeground: reason: 4
02-15 15:07:11.372 11998 11998 I C0420A/com.xiaobingkj.shark/WMSLife: Show: Window show [name: shark0, id: 117, type: 1], reason: 4, state:1, requestState:1
02-15 15:07:11.372 11998 11998 I C04208/com.xiaobingkj.shark/WMSLayout: GetSystemSizeLimits: px[6480,6480,1080,810], vp[1920,1920,320,240], configMax:1920, vpr:3.375000, winType:1
02-15 15:07:11.372 11998 11998 I C04208/com.xiaobingkj.shark/WMSLayout: UpdateNewSize: fullscreen or compatible mode could not update new size, Id: 117
02-15 15:07:11.372 11998 11998 I C04217/com.xiaobingkj.shark/WMSAttribute: IsSystemDensityChanged: windowId: 117, lastDensity: -1.000000, currDensity: 3.375000
02-15 15:07:11.373 11998 11998 W C04200/com.xiaobingkj.shark/WindowSessionImpl: UpdateViewportConfig: uiContent is null!
02-15 15:07:11.373 11998 11998 I C01332/com.xiaobingkj.shark/UIAbility: [ui_ability_impl430]wnd call, AfterForeground
02-15 15:07:11.373 11998 11998 W C0420A/com.xiaobingkj.shark/WMSLife: GetAttachStateSyncResult: lifecycleCallback is null
02-15 15:07:11.373 11998 11998 I C01406/com.xiaobingkj.shark/OHOS::RS: RSFrameRateLinker::Create id: 51531017617409
02-15 15:07:11.376 11998 11998 I C01706/com.xiaobingkj.shark/RsFrameReportExt: RsFrameReportExt:[LoadLibrary] load library success!
02-15 15:07:11.376 11998 11998 I C01706/com.xiaobingkj.shark/RsFrameReportExt: RsFrameReportExt:[Init] dlopen libframe_ui_intf.so success!
02-15 15:07:11.378 11998 11998 I C01706/com.xiaobingkj.shark/ueaClient-FrameUiIntf: [Init]:ret:1, inited:1
02-15 15:07:11.379 11998 11998 I C04217/com.xiaobingkj.shark/WMSAttribute: InitWaterfallMode: winId: 117
02-15 15:07:11.379 11998 11998 I C04217/com.xiaobingkj.shark/WMSAttribute: NotifyWaterfallModeChange: winId: 117, waterfall: 0, stat: 2
02-15 15:07:11.379 11998 11998 I C0420A/com.xiaobingkj.shark/WMSLife: NotifyAfterDidForeground: reason: 4
02-15 15:07:11.379 11998 11998 I C04202/com.xiaobingkj.shark/WMSMain: NotifyFreeMultiWindowModeResume: IsPcMode 0, isColdStart 1
02-15 15:07:11.379 11998 11998 I C0420A/com.xiaobingkj.shark/WMSLife: Show: Window show success [name:shark0, id:117, type:1]
02-15 15:07:11.379 11998 11998 I C04208/com.xiaobingkj.shark/WMSLayout: NotifyWindowStatusChange: id:117, windowMode:1, windowStatus:1, lastWindowStatus:1, skipRedundantWindowStatusNotifications:0
02-15 15:07:11.379 11998 11998 I C04208/com.xiaobingkj.shark/WMSLayout: NotifyWindowStatusDidChange: Id:117, WindowMode:1, windowStatus:1, lastWindowStatus:0, listenerSize:0, rect:[0 0 1224 2776]
02-15 15:07:11.379 11998 11998 W C04201/com.xiaobingkj.shark/DMS: OnDisplayInfoChange: data is not changed.
02-15 15:07:11.379 11998 11998 I C01332/com.xiaobingkj.shark/UIAbility: [JUA1854]JsUIAbility call js, name: onForeground
02-15 15:07:11.379 11998 11998 I A00000/com.xiaobingkj.shark/testTag: Ability onForeground
02-15 15:07:11.379 11998 11998 I C01332/com.xiaobingkj.shark/UIAbility: [JUA1899]end, name: onForeground, time: 0
02-15 15:07:11.379 11998 12094 I C04207/com.xiaobingkj.shark/WMSFocus: UpdateFocusState: focus: 1, id: 117
02-15 15:07:11.380 11998 11998 I C0420A/com.xiaobingkj.shark/WMSLife: NotifyAfterDidForeground execute
02-15 15:07:11.380 11998 11998 I C01332/com.xiaobingkj.shark/UIAbility: [JUA1854]JsUIAbility call js, name: onDidForeground
02-15 15:07:11.380 11998 11998 I C01332/com.xiaobingkj.shark/UIAbility: [JUA1899]end, name: onDidForeground, time: 0
02-15 15:07:11.380 11998 11998 I C04202/com.xiaobingkj.shark/WMSMain: GoResume: in
02-15 15:07:11.380 11998 11998 I C0420A/com.xiaobingkj.shark/WMSLife: Resume: in, isColdStart: 1, isDidForeground: 0
02-15 15:07:11.380 11998 11998 I C0420A/com.xiaobingkj.shark/WMSLife: NotifyAfterLifecycleResumed: in
02-15 15:07:11.380 11998 11998 I A03D00/com.xiaobingkj.shark/JSAPP: [RCP]  success to add processor, processorId=1
02-15 15:07:11.380 11998 11998 I C0420A/com.xiaobingkj.shark/WMSLife: SetUIContentInner: pages/TabPage, state:2, persistentId: 117
02-15 15:07:11.380 11998 11998 I C0420A/com.xiaobingkj.shark/WMSLife: SetUIContentComplete: persistentId=117
02-15 15:07:11.381 11998 11998 I C03900/com.xiaobingkj.shark/Ace: [(-1:-1:undefined)] CreateUIContent.
02-15 15:07:11.381 11998 11998 I C03934/com.xiaobingkj.shark/AceUIEvent: [(-1:-1:undefined)] report ace loaded
02-15 15:07:11.381 11998 11998 I C04707/com.xiaobingkj.shark/HaAceEngine: OnAceLoaded end
02-15 15:07:11.381 11998 11998 W C0391F/com.xiaobingkj.shark/AceImage: [(-2:-1:undefined)] mkdir cache file path failed.
02-15 15:07:11.381 11998 11998 I C03900/com.xiaobingkj.shark/Ace: [(-2:-1:undefined)] Init RenderService UniRender Type:0
02-15 15:07:11.381 11998 11998 I C03900/com.xiaobingkj.shark/Ace: [(-2:-1:undefined)] [com.xiaobingkj.shark][entry][-1]: UIContent: apiCompatibleVersion: 50000012, apiTargetVersion: 60002022, and apiReleaseType: Release, useNewPipe: 1
02-15 15:07:11.382 11998 12069 I C02D06/com.xiaobingkj.shark/XCollie: Start init Async Stack.
02-15 15:07:11.382 11998 12094 I C04207/com.xiaobingkj.shark/WMSFocus: NotifyHighlightChange: windowId: 117, isHighlight: 1,
02-15 15:07:11.382 11998 11998 I C02C03/PARAM_WATCHER: Add watcher keyPrefix persist.sys.arkui.animationscale remoteWatcherId 995 success
02-15 15:07:11.383 11998 11998 E C03900/com.xiaobingkj.shark/Ace: [(-2:-1:undefined)] ConfigXMLParserBase ParseInternalWithBundleName failed
02-15 15:07:11.383 11998 11998 W C03900/com.xiaobingkj.shark/Ace: [(-2:-1:undefined)] ArkUiFeatureParamManager failed to parse xml file
02-15 15:07:11.383 11998 11998 E C03900/com.xiaobingkj.shark/Ace: [(-2:-1:undefined)] ConfigXMLParserBase read system UI correction config file failed
02-15 15:07:11.383 11998 11998 W C03900/com.xiaobingkj.shark/Ace: [(-2:-1:undefined)] ArkUiFeatureParamManager failed to load UI correction config file
02-15 15:07:11.383 11998 11998 I C03900/com.xiaobingkj.shark/Ace: [(-2:-1:undefined)] SetLocale language tag: zh-CN, select language: zh-CN
02-15 15:07:11.383 11998 11998 I C03900/com.xiaobingkj.shark/Ace: [(-2:-1:undefined)] [com.xiaobingkj.shark][entry][-1]: SetLanguage: zh, colorMode: light, deviceAccess: 0
02-15 15:07:11.383 11998 11998 I C03900/com.xiaobingkj.shark/Ace: [(-2:-1:undefined)] [com.xiaobingkj.shark][entry][-1]: Initialize UIContent isModelJson:true
02-15 15:07:11.385 11998 11998 I C03922/com.xiaobingkj.shark/AceNavigation: [(-2:-1:undefined)] subscribe hsp Update successfully
02-15 15:07:11.385 11998 11998 I C03900/com.xiaobingkj.shark/Ace: [(100000:100000:scope)] SetHapPath, Use hap path to load resource
02-15 15:07:11.386 11998 11998 I C04217/com.xiaobingkj.shark/WMSAttribute: RegisterWaterfallModeChangeListener: winId: 117
02-15 15:07:11.387 11998 11998 I C04200/com.xiaobingkj.shark/WMS: GetSurfaceNode: name:shark0, id:117
02-15 15:07:11.387 11998 11998 I C04200/com.xiaobingkj.shark/WMS: GetSurfaceNode: name:shark0, id:117
02-15 15:07:11.387 11998 11998 I C03900/com.xiaobingkj.shark/Ace: [(100000:100000:scope)] SetRSSurfaceNode 51531017617410 with rs multi
02-15 15:07:11.388 11998 11998 W C03900/com.xiaobingkj.shark/Ace: [(100000:100000:scope)] Invalid config:zh_CN-long-notround-vertical-light-phone-xxhdpi
02-15 15:07:11.389 11998 11998 I C01406/com.xiaobingkj.shark/OHOS::RS: RSSurfaceNode::SetAbilityState, surfaceNodeId:[51531017617410], ability state: background
02-15 15:07:11.390 11998 11998 I C03900/com.xiaobingkj.shark/Ace: [(100000:100000:scope)] set translateManager to pipeline, instanceId:100000
02-15 15:07:11.390 11998 11998 I C0421D/com.xiaobingkj.shark/WMSRotation: RegisterOrientationChangeListener: in
02-15 15:07:11.390 11998 11998 I C03900/com.xiaobingkj.shark/Ace: [(100000:100000:scope)] AddPersistAfterLayoutTask size: 1
02-15 15:07:11.390 11998 11998 I C03919/com.xiaobingkj.shark/AceInputTracking: [(100000:100000:scope)] Debug touch pass mode 0
02-15 15:07:11.397 11998 12094 W C04208/com.xiaobingkj.shark/WMSLayout: NotifySingleHandTransformChange: id:117, uiContent is nullptr
02-15 15:07:11.397 11998 11998 W C03F00/MUSL-LDSO: load absolute_path /system/lib64/libtransform_interaction_ext.z.so: check ns accessible failed namespace=ndk.
02-15 15:07:11.397 11998 11998 W C03F00/MUSL-LDSO: load /system/lib64/libtransform_interaction_ext.z.so failed, namespace=ndk no inherits, errno=2
02-15 15:07:11.397 11998 11998 W C03F00/MUSL-LDSO: load /system/lib64/libtransform_interaction_ext.z.so failed, namespace=default, errno=2
02-15 15:07:11.397 11998 11998 W C03F00/MUSL-LDSO: dlopen_impl load library header failed for /system/lib64/libtransform_interaction_ext.z.so
02-15 15:07:11.397 11998 11998 E C03934/com.xiaobingkj.shark/AceUIEvent: [(100000:100000:scope)] AceTransform load failed: Error loading shared library /system/lib64/libtransform_interaction_ext.z.so: No such file or directory
02-15 15:07:11.397 11998 11998 I C03937/com.xiaobingkj.shark/AceResource: [(100000:100000:scope)] ResourceAdapter UpdateResConfig with colorMode light
02-15 15:07:11.397 11998 11998 W C03900/com.xiaobingkj.shark/Ace: [(100000:100000:scope)] not found systemTheme in HapModuleInfo, loading default OHOS_THEME
02-15 15:07:11.397 11998 11998 I C03900/com.xiaobingkj.shark/Ace: [(100000:100000:scope)] Cannot Get File List from resources/styles/
02-15 15:07:11.397 11998 11998 W C03900/com.xiaobingkj.shark/Ace: [(100000:100000:scope)] GetAsset failed: resources/styles/default.json
02-15 15:07:11.406 11998 11998 I C01406/com.xiaobingkj.shark/OHOS::RS: RSTransactionHandler::Begin syncId:0, transactionHandler:10726713378775511549, remoteTransactionDataStack.size:0
02-15 15:07:11.406 11998 11998 I C01406/com.xiaobingkj.shark/OHOS::RS: RSTransactionHandler::Commit transactionHandler:10726713378775511549
02-15 15:07:11.406 11998 11998 I C03900/com.xiaobingkj.shark/Ace: [(100000:100000:scope)] root node OnAttachToFrameNode, id:0
02-15 15:07:11.406 11998 11998 I C03900/com.xiaobingkj.shark/Ace: [(100000:100000:scope)] Rosenwindow set root, rsId:51531017617411
02-15 15:07:11.406 11998 11998 I C01406/com.xiaobingkj.shark/OHOS::RS: RSTransactionHandler::Begin syncId:0, transactionHandler:10726713378775511549, remoteTransactionDataStack.size:0
02-15 15:07:11.406 11998 11998 I C01406/com.xiaobingkj.shark/OHOS::RS: RSTransactionHandler::Commit transactionHandler:10726713378775511549
02-15 15:07:11.406 11998 11998 I C02220/com.xiaobingkj.shark/IntentionClient: in Connect, enter
02-15 15:07:11.407 11998 11998 I C02220/com.xiaobingkj.shark/IntentionClient: in Connect, Connecting IntentionService success
02-15 15:07:11.407 11998 11998 I C02220/com.xiaobingkj.shark/IntentionClient: in Connect, leave
02-15 15:07:11.407 11998 11998 E C01D02/com.xiaobingkj.shark/accessibility_asacfwk: [(AccessibilitySystemAbilityClientImpl:57)]accessibility service is ready.
02-15 15:07:11.409 11998 11998 I C02C03/PARAM_WATCHER: Add watcher keyPrefix accessibility.config.ready remoteWatcherId 995 success
02-15 15:07:11.409 11998 11998 I C03900/com.xiaobingkj.shark/Ace: [(100000:100000:scope)] focusWindowId: 0, realHostWindowId: 0
02-15 15:07:11.409 11998 11998 I C03900/com.xiaobingkj.shark/Ace: [(100000:100000:scope)] [com.xiaobingkj.shark][entry][100000]: window focus
02-15 15:07:11.409 11998 11998 I C02C03/PARAM_WATCHER: Add watcher keyPrefix debug.graphic.frame remoteWatcherId 995 success
02-15 15:07:11.410 11998 11998 E C03D00/cpu_boost: dev/flo open failed.
02-15 15:07:11.411 11998 11998 I C03900/com.xiaobingkj.shark/Ace: [(100000:100000:scope)] ArkUIInvisibleFreeze: 0
02-15 15:07:11.411 11998 11998 I C03900/com.xiaobingkj.shark/Ace: [(100000:100000:scope)] [com.xiaobingkj.shark][entry][100000]: SetMinPlatformVersion is 50000012
02-15 15:07:11.411 11998 11998 I C04209/com.xiaobingkj.shark/WMSImms: RegisterAvoidAreaChangeListener: win 117
02-15 15:07:11.412 11998 11998 E C04201/com.xiaobingkj.shark/IMockSessionManager: [nodict]Read result failed, code is: 3.
02-15 15:07:11.412 11998 11998 E C04201/com.xiaobingkj.shark/IMockSessionManager: [nodict]Read result failed, code is: 5.
02-15 15:07:11.415 11998 12097 I C04208/com.xiaobingkj.shark/WMSLayout: UpdateRect: id:117 name:shark0 rect:[0 0 1224 2776]->[0 0 1224 2776] reason:23 displayId:0
02-15 15:07:11.415 11998 11998 I C04209/com.xiaobingkj.shark/WMSImms: GetAvoidAreaByType: win [117 shark0] type 0 times 1 area top [0 0 1224 148] 
02-15 15:07:11.416 11998 11998 I C04209/com.xiaobingkj.shark/WMSImms: GetAvoidAreaByType: win [117 shark0] type 1 times 2 area top [473 46 277 88] 
02-15 15:07:11.416 11998 11998 I C04209/com.xiaobingkj.shark/WMSImms: GetAvoidAreaByType: win [117 shark0] type 4 times 3 area bottom [397 2682 430 94] 
02-15 15:07:11.416 11998 11998 I C03917/com.xiaobingkj.shark/AceSafeArea: [(100000:100000:scope)] InitializeSafeArea systemInsets:SafeAreaInsets left_: [start: 0, end: 0], top_: [start: 0, end: 148], right_: [start: 0, end: 0], bottom_: [start: 0, end: 0], cutoutInsets:SafeAreaInsets left_: [start: 0, end: 0], top_: [start: 46, end: 134], right_: [start: 0, end: 0], bottom_: [start: 0, end: 0], navInsets:SafeAreaInsets left_: [start: 0, end: 0], top_: [start: 0, end: 0], right_: [start: 0, end: 0], bottom_: [start: 2682, end: 2776]
02-15 15:07:11.417 11998 11998 I C0394E/com.xiaobingkj.shark/AceWindow: [(100000:100000:scope)] Initialize displayId: 0, availableRect: [0, 0, 1224, 2776]
02-15 15:07:11.418 11998 11998 I C02504/com.xiaobingkj.shark/thp_extra: GetProcessName[68]name is: com.xiaobingkj.shark
02-15 15:07:11.418 11998 11998 I C03900/com.xiaobingkj.shark/Ace: [(-2:100000:singleton)] [com.xiaobingkj.shark][entry][100000]: Initialize: pages/TabPage
02-15 15:07:11.418 11998 11998 I C03900/com.xiaobingkj.shark/Ace: [(100000:100000:scope)] RunPage:pages/TabPage
02-15 15:07:11.418 11998 11998 W C03900/com.xiaobingkj.shark/Ace: [(100000:100000:scope)] GetAsset failed: manifest.json
02-15 15:07:11.420 11998 12096 I C03951/com.xiaobingkj.shark/InputKeyFlow: [(-1:100000:singleton)] Subscribe touch.events.pass.through Event
02-15 15:07:11.421 11998 11998 I C0421C/com.xiaobingkj.shark/WMSCompat: RegisterNavigateCallbackForPageCompatibleModeIfNeed: content is nullptr or page is empty
02-15 15:07:11.421 11998 11998 I C04200/com.xiaobingkj.shark/WMS: InitUIContent: [0, 0]
02-15 15:07:11.421 11998 11998 I C04208/com.xiaobingkj.shark/WMSLayout: SetUIContentInner: single hand, id:117, posX:0, posY:0, scaleX:1.000000, scaleY:1.000000
02-15 15:07:11.421 11998 11998 I C04219/com.xiaobingkj.shark/WMSDecor: UpdateDecorEnable: decorVisible:1, id: 117
02-15 15:07:11.421 11998 11998 I C03900/com.xiaobingkj.shark/Ace: [(-2:100000:singleton)] [com.xiaobingkj.shark][entry][100000]: UpdateWindowVisible: 1, hasDecor: 0
02-15 15:07:11.421 11998 11998 I C03900/com.xiaobingkj.shark/Ace: [(-2:100000:singleton)] [com.xiaobingkj.shark][entry][100000]: NotifyWindowMode mode = 1
02-15 15:07:11.423 11998 11998 I C03900/com.xiaobingkj.shark/Ace: [(-2:100000:singleton)] [com.xiaobingkj.shark][entry][100000]: window foreground
02-15 15:07:11.423 11998 11998 I C03900/com.xiaobingkj.shark/Ace: [(100000:100000:scope)] Update application state , state: ON_SHOW
02-15 15:07:11.423 11998 11998 I C01406/com.xiaobingkj.shark/OHOS::RS: RSSurfaceNode::SetAbilityState, surfaceNodeId:[51531017617410], ability state: foreground
02-15 15:07:11.423 11998 11998 I C03900/com.xiaobingkj.shark/Ace: [(100000:100000:scope)] ArkUI requests first Vsync.
02-15 15:07:11.423 11998 11998 I C04202/com.xiaobingkj.shark/WMSMain: RequestVsync: First vsync has requested, nodeId: 51531017617410
02-15 15:07:11.424 11998 11998 I C04208/com.xiaobingkj.shark/WMSLayout: UpdateViewportConfig: Id: 117, reason: 0, windowRect: [0 0 1224 2776], displayOrientation: 0, config[0, 0, 0, 3.375000]
02-15 15:07:11.424 11998 11998 I C03900/com.xiaobingkj.shark/Ace: [(-2:100000:singleton)] [com.xiaobingkj.shark][entry][100000]: window focus
02-15 15:07:11.424 11998 11998 I C03900/com.xiaobingkj.shark/Ace: [(-2:100000:singleton)] [com.xiaobingkj.shark][entry][100000]:window active
02-15 15:07:11.424 11998 11998 I A00000/com.xiaobingkj.shark/testTag: Succeeded in loading the content.
02-15 15:07:11.424 11998 11998 I C04200/com.xiaobingkj.shark/JsWindowStage: Window [117, shark0] load content end, ret=0
02-15 15:07:11.425 11998 11998 I C04209/com.xiaobingkj.shark/WMSImms: NotifyAvoidAreaChange: win 117 api 22 type 0 area top [0 0 1224 148] 
02-15 15:07:11.425 11998 11998 I C04209/com.xiaobingkj.shark/WMSImms: NotifyAvoidAreaChange: win 117 api 22 type 1 area top [473 46 277 88] 
02-15 15:07:11.425 11998 11998 I C04209/com.xiaobingkj.shark/WMSImms: NotifyAvoidAreaChange: win 117 api 22 type 2 area empty
02-15 15:07:11.425 11998 11998 I C04209/com.xiaobingkj.shark/WMSImms: NotifyAvoidAreaChange: win 117 api 22 type 3 area empty
02-15 15:07:11.425 11998 11998 I C04209/com.xiaobingkj.shark/WMSImms: NotifyAvoidAreaChange: win 117 api 22 type 4 area bottom [397 2682 430 94] 
02-15 15:07:11.425 11998 11998 I C04208/com.xiaobingkj.shark/WMSLayout: UpdateViewportConfig: Id: 117, reason: 0, windowRect: [0 0 1224 2776], displayOrientation: 0, config[0, 0, 0, 3.375000]
02-15 15:07:11.425 11998 11998 I C03900/com.xiaobingkj.shark/Ace: [(100000:100000:scope)] Update application state , state: ON_ACTIVE
02-15 15:07:11.425 11998 11998 I C01D02/com.xiaobingkj.shark/accessibility_asacfwk: [(SubscribeStateObserver:551)]Observer has subscribed!
02-15 15:07:11.425 11998 11998 I C01D02/com.xiaobingkj.shark/accessibility_asacfwk: [(SubscribeStateObserver:551)]Observer has subscribed!
02-15 15:07:11.425 11998 11998 I C01D02/com.xiaobingkj.shark/accessibility_asacfwk: [(SubscribeStateObserver:551)]Observer has subscribed!
02-15 15:07:11.425 11998 11998 I C0391C/com.xiaobingkj.shark/AceFocus: [(100000:100000:scope)] Window: 117 get focus.
02-15 15:07:11.425 11998 11998 W C0391C/com.xiaobingkj.shark/AceFocus: [(100000:100000:scope)] Current focus view can not found!
02-15 15:07:11.425 11998 11998 I C0391C/com.xiaobingkj.shark/AceFocus: [(100000:100000:scope)] Request focus on rootFocusHub: root/0
