02-15 15:07:11.427 11998 11998 I C04208/com.xiaobingkj.shark/WMSLayout: UpdateViewportConfig: Id: 117, reason: 23, windowRect: [0 0 1224 2776], displayOrientation: 0, config[0, 0, 0, 3.375000]
02-15 15:07:11.427 11998 11998 I C03925/com.xiaobingkj.shark/AceRouter: [(100000:100000:scope)] Page router manager is creating page[1]: url: pages/TabPage path: pages/TabPage.js, recoverable: yes, namedRouter: no
02-15 15:07:11.428 11998 11998 I C03F01/com.xiaobingkj.shark/NAPI: [NMM:1282]Module:arkui.modifier
02-15 15:07:11.429 11998 12069 I C02D06/com.xiaobingkj.shark/XCollie: Init async stack successfully.
02-15 15:07:11.429 11998 12069 I C02D06/com.xiaobingkj.shark/XCollie: Finish init Async Stack.
02-15 15:07:11.430 11998 12088 I C02C03/PARAM_WATCHER: Add watcher keyPrefix persist.ace.trace.layout.enabled remoteWatcherId 995 success
02-15 15:07:11.431 11998 12088 I C02C03/PARAM_WATCHER: Add watcher keyPrefix persist.ace.trace.inputevent.enabled remoteWatcherId 995 success
02-15 15:07:11.437 11998 12097 I C04200/com.xiaobingkj.shark/WindowSessionImpl: NotifyTransformChange: in
02-15 15:07:11.439 11998 12097 I C04208/com.xiaobingkj.shark/WMSLayout: UpdateRect: id:117 name:shark0 rect:[0 0 1224 2776]->[0 0 1224 2776] reason:23 displayId:0
02-15 15:07:11.441 11998 11998 I C05506/com.xiaobingkj.shark/ScanFrameworkUIServiceExtension: [Init:340] begin Init startScanForResult
02-15 15:07:11.441 11998 11998 I C05506/com.xiaobingkj.shark/ScanFrameworkUIServiceExtension: [DefineErrorCodeEnumClass:256] begin defineErrorCodeEnumClass
02-15 15:07:11.441 11998 11998 I C05506/com.xiaobingkj.shark/ScanFrameworkUIServiceExtension: [DefineErrorCodeEnumClass:276] end defineErrorCodeEnumClass
02-15 15:07:11.441 11998 11998 I C05506/com.xiaobingkj.shark/ScanFrameworkUIServiceExtension: [Init:348] end Init startScanForResult
02-15 15:07:11.446 11998 12088 I C02C03/PARAM_WATCHER: Add watcher keyPrefix const.security.developermode.state remoteWatcherId 995 success
02-15 15:07:11.450 11998 11998 I C01405/com.xiaobingkj.shark/EffectKit: ColorPicker Napi CALL
02-15 15:07:11.450 11998 11998 I C01405/com.xiaobingkj.shark/EffectKit: Init success
02-15 15:07:11.451 11998 12088 I C02C03/PARAM_WATCHER: Add watcher keyPrefix persist.ace.debug.statemgr.enabled remoteWatcherId 995 success
02-15 15:07:11.451 11998 11998 I C03F01/com.xiaobingkj.shark/NAPI: [NMM:1282]Module:arkui.node
02-15 15:07:11.472 11998 11998 I C04500/com.xiaobingkj.shark/webview: Init: begin to init native media player napi properties
02-15 15:07:11.472 11998 11998 I C04500/com.xiaobingkj.shark/webview: Init: [PROXYCONTROLLER] NapiProxyConfig::Init is called
02-15 15:07:11.472 11998 11998 I C03F01/com.xiaobingkj.shark/NAPI: [NMM:1282]Module:file.photoAccessHelper
02-15 15:07:11.472 11998 12088 I C02C03/PARAM_WATCHER: Add watcher keyPrefix persist.ace.debug.boundary.enabled remoteWatcherId 995 success
02-15 15:07:11.475 11998 11998 W C03F01/com.xiaobingkj.shark/NAPI: [NMM:1199] Name mismatch: file.photoAccessHelperNative != file.photoAccessHelper
02-15 15:07:11.476 11998 12088 I C02C03/PARAM_WATCHER: Add watcher keyPrefix persist.ace.performance.monitor.enabled remoteWatcherId 995 success
02-15 15:07:11.479 11998 11998 I C02B01/com.xiaobingkj.shark/CAMERA: {Onload():63} CameraPickerNapi::OnLoad
02-15 15:07:11.479 11998 11998 I C02B01/com.xiaobingkj.shark/CAMERA: {Init():463} CameraPickerNapi::Init is called
02-15 15:07:11.480 11998 11998 W C03F01/com.xiaobingkj.shark/NAPI: [NMM:1199] Name mismatch: web.webnativemessagingextensionmanager_napi != web.webNativeMessagingExtensionManager
02-15 15:07:11.484 11998 11998 I C015B0/com.xiaobingkj.shark/NetMgrSubSystem: newId = 1, id = 2
02-15 15:07:11.490 11998 11998 W C02D07/com.xiaobingkj.shark/Verify: invalid configName=
02-15 15:07:11.491 11998 11998 I C02D07/com.xiaobingkj.shark/ObserverDao: succ to query observer seq=2, name=ha_app_event, hash=1915457907267372477
02-15 15:07:11.491 11998 11998 I C02D07/com.xiaobingkj.shark/ObserverMgr: register processor=2 successfully
02-15 15:07:11.495 11998 11998 W C02D07/com.xiaobingkj.shark/Verify: invalid configName=
02-15 15:07:11.495 11998 11998 I C02D07/com.xiaobingkj.shark/ObserverMgr: register processor=2 exit
02-15 15:07:11.498 11998 11998 W C03926/com.xiaobingkj.shark/AceTheme: [(100000:100000:scope)] style 125829872 not contains tab_pattern!
02-15 15:07:11.499 11998 11998 W C03926/com.xiaobingkj.shark/AceTheme: [(100000:100000:scope)] style tab_pattern not contains default_tab_bar_name!
02-15 15:07:11.499 11998 11998 W C03926/com.xiaobingkj.shark/AceTheme: [(100000:100000:scope)] style tab_pattern get attr dialog_radius_level10 error!
02-15 15:07:11.499 11998 11998 W C03926/com.xiaobingkj.shark/AceTheme: [(100000:100000:scope)] style tab_pattern get attr dialog_icon_primary error!
02-15 15:07:11.499 11998 11998 W C03926/com.xiaobingkj.shark/AceTheme: [(100000:100000:scope)] style tab_pattern get attr dialog_font_primary error!
02-15 15:07:11.499 11998 11998 W C03926/com.xiaobingkj.shark/AceTheme: [(100000:100000:scope)] style 125829872 not contains swiper_pattern!
02-15 15:07:11.500 11998 11998 W C03926/com.xiaobingkj.shark/AceTheme: [(100000:100000:scope)] style swiper_pattern get attr swiper_focus_style_type error!
02-15 15:07:11.500 11998 11998 W C03926/com.xiaobingkj.shark/AceTheme: [(100000:100000:scope)] style swiper_pattern not contains swiper_indicator_drag_min_angle!
02-15 15:07:11.500 11998 11998 W C03926/com.xiaobingkj.shark/AceTheme: [(100000:100000:scope)] style swiper_pattern not contains swiper_indicator_drag_max_angle!
02-15 15:07:11.502 11998 11998 W C03926/com.xiaobingkj.shark/AceTheme: [(100000:100000:scope)] style 125829872 not contains focus_animation_pattern!
02-15 15:07:11.502 11998 11998 W C03926/com.xiaobingkj.shark/AceTheme: [(100000:100000:scope)] style 125829872 not contains aging_adapation_dialog_pattern!
02-15 15:07:11.503 11998 11998 W C03926/com.xiaobingkj.shark/AceTheme: [(100000:100000:scope)] style text_pattern not contains linear_split_child_min_size!
02-15 15:07:11.503 11998 11998 W C03926/com.xiaobingkj.shark/AceTheme: [(100000:100000:scope)] style text_pattern not contains menu_celia_ask_is_support!
02-15 15:07:11.504 11998 11998 I C0391C/com.xiaobingkj.shark/AceFocus: [(100000:100000:scope)] view: page/2 show
02-15 15:07:11.505 11998 11998 I C03922/com.xiaobingkj.shark/AceNavigation: [(100000:100000:scope)] can't find inner navigation
02-15 15:07:11.505 11998 11998 I C03933/com.xiaobingkj.shark/AceKeyboard: [(100000:100000:scope)] StageManager FrameNode notNeedSoftKeyboard.
02-15 15:07:11.505 11998 11998 I C03933/com.xiaobingkj.shark/AceKeyboard: [(100000:100000:scope)] Container not SceneBoardWindow.
02-15 15:07:11.505 11998 11998 I C03925/com.xiaobingkj.shark/AceRouter: [(100000:100000:scope)] LoadPage Success
02-15 15:07:11.505 11998 11998 I C0392A/com.xiaobingkj.shark/AceUiExtensionComponent: [(-2:100000:singleton)] NotifyWindowMode aliveUIExtensions = 0
02-15 15:07:11.505 11998 11998 I C0394E/com.xiaobingkj.shark/AceWindow: [(100000:100000:scope)] Update displayWindowRect in UpdateViewportConfig to : Rect (0.00, 0.00) - [1224.00 x 2776.00]
02-15 15:07:11.505 11998 11998 I C03917/com.xiaobingkj.shark/AceSafeArea: [(100000:100000:scope)] SetIsFullScreen 1
02-15 15:07:11.506 11998 11998 I C03900/com.xiaobingkj.shark/Ace: [(100000:100000:scope)] Root node request first frame.
02-15 15:07:11.506 11998 11998 I C03900/com.xiaobingkj.shark/Ace: [(100000:100000:scope)] Update application state , state: ON_ACTIVE
02-15 15:07:11.506 11998 11998 I C01D02/com.xiaobingkj.shark/accessibility_asacfwk: [(SubscribeStateObserver:551)]Observer has subscribed!
02-15 15:07:11.506 11998 11998 I C01D02/com.xiaobingkj.shark/accessibility_asacfwk: [(SubscribeStateObserver:551)]Observer has subscribed!
02-15 15:07:11.506 11998 11998 I C01D02/com.xiaobingkj.shark/accessibility_asacfwk: [(SubscribeStateObserver:551)]Observer has subscribed!
02-15 15:07:11.506 11998 11998 I C0391C/com.xiaobingkj.shark/AceFocus: [(100000:100000:scope)] Window: 117 get focus.
02-15 15:07:11.506 11998 11998 I C03900/com.xiaobingkj.shark/Ace: [(100000:100000:scope)] Update application state , state: ON_ACTIVE
02-15 15:07:11.506 11998 11998 I C01D02/com.xiaobingkj.shark/accessibility_asacfwk: [(SubscribeStateObserver:551)]Observer has subscribed!
02-15 15:07:11.506 11998 11998 I C01D02/com.xiaobingkj.shark/accessibility_asacfwk: [(SubscribeStateObserver:551)]Observer has subscribed!
02-15 15:07:11.506 11998 11998 I C01D02/com.xiaobingkj.shark/accessibility_asacfwk: [(SubscribeStateObserver:551)]Observer has subscribed!
02-15 15:07:11.507 11998 11998 I C04208/com.xiaobingkj.shark/WMSLayout: UpdateViewportConfig: Id: 117, reason: 23, windowRect: [0 0 1224 2776], displayOrientation: 0, config[0, 0, 0, 3.375000]
02-15 15:07:11.507 11998 11998 I C04202/com.xiaobingkj.shark/WMSMain: VsyncCallbackInner: First vsync has come back, nodeId: 51531017617410
02-15 15:07:11.508 11998 11998 I C0391F/com.xiaobingkj.shark/AceImage: [(100000:100000:scope)] load image, <private>
02-15 15:07:11.508 11998 11998 I C0391F/com.xiaobingkj.shark/AceImage: [(100000:100000:scope)] load image, <private>
02-15 15:07:11.510 11998 11998 I C01408/com.xiaobingkj.shark/Text: InitTextBundleConfig: Adapter text height enabled 0
02-15 15:07:11.516 11998 11998 W C03926/com.xiaobingkj.shark/AceTheme: [(100000:100000:scope)] style 125829872 not contains divider_pattern!
02-15 15:07:11.519 11998 11998 W C03926/com.xiaobingkj.shark/AceTheme: [(100000:100000:scope)] style 125829872 not contains navigation_bar_pattern!
02-15 15:07:11.520 11998 11998 W C03926/com.xiaobingkj.shark/AceTheme: [(100000:100000:scope)] style navigation_bar_pattern not contains title_sapce_vertical!
02-15 15:07:11.521 11998 11998 E C03947/com.xiaobingkj.shark/AceStateMgmt: [(100000:100000:scope)] FIX THIS APPLICATION ERROR: @Component 'ServerView': State variable 'navPathStack' has changed during render! It's illegal to change @Component state while build (initial render or re-render) is on-going. Application error!
02-15 15:07:11.521 11998 11998 I C03922/com.xiaobingkj.shark/AceNavigation: [(100000:100000:scope)] navigation necessary to immediately trigger a refresh
02-15 15:07:11.523 11998 11998 W C03926/com.xiaobingkj.shark/AceTheme: [(100000:100000:scope)] style 125829872 not contains grid_pattern!
02-15 15:07:11.532 11998 11998 I C03922/com.xiaobingkj.shark/AceNavigation: [(100000:100000:scope)] AvoidInfoManager register listener
02-15 15:07:11.541 11998 11998 I C0390C/com.xiaobingkj.shark/AceFont: [(100000:100000:scope)] MeasureTextSize [maxW:inf, H:95.000000],[w:864.000000, h:95.000000]
02-15 15:07:11.549 11998 11998 I C03900/com.xiaobingkj.shark/Ace: [(100000:100000:scope)] ArkUi flush first frame messages.
02-15 15:07:11.550 11998 11998 I C0391C/com.xiaobingkj.shark/AceFocus: [(100000:100000:scope)] Request focus on focusView: page/2.
02-15 15:07:11.550 11998 11998 I C0391C/com.xiaobingkj.shark/AceFocus: [(100000:100000:scope)] WinFocusMove end, root/secure_field onBlur, Tabs/secure_field onFocus, start: 2, end: 1, update: 2
02-15 15:07:11.550 11998 11998 I C03933/com.xiaobingkj.shark/AceKeyboard: [(100000:100000:scope)] current focus node: (Tabs/5). isDynamic: 0
02-15 15:07:11.550 11998 11998 I C03933/com.xiaobingkj.shark/AceKeyboard: [(100000:100000:scope)] Trigger Window Focus Callback
02-15 15:07:11.550 11998 11998 I C03933/com.xiaobingkj.shark/AceKeyboard: [(100000:100000:scope)] need keyboard : 0.
02-15 15:07:11.550 11998 11998 I C0420B/com.xiaobingkj.shark/WMSKeyboard: id: 117, isNeedKeyboard: 0, keepKeyboardFlag: 0
02-15 15:07:11.550 11998 11998 I C0420B/com.xiaobingkj.shark/WMSKeyboard: RequestInputMethodCloseKeyboard: Notify InputMethod framework close keyboard start.
02-15 15:07:11.555 11998 11998 I C03903/com.xiaobingkj.shark/AceSubWindow: [(100000:100000:scope)] hide menu ng exit, window not exist
02-15 15:07:11.555 11998 11998 W C02D66/com.xiaobingkj.shark/Hiview-PerfMonitor: OnAnimatorStop: Animation has not started, sceneId: APP_TAB_SWITCH
02-15 15:07:11.555 11998 11998 I C04216/com.xiaobingkj.shark/WMSPattern: FlushLayoutSize: NotifyFrameLayoutFinishFromApp, id: 117, rect: [0 0 1224 2776], notifyListener: 0
02-15 15:07:11.556 11998 11998 I C02D66/com.xiaobingkj.shark/Hiview-PerfMonitor: ProcessJank: JankFrameMonitor::ProcessJank jank >= threshold
02-15 15:07:11.559 11998 11998 I C03922/com.xiaobingkj.shark/AceNavigation: [(100000:100000:scope)] sync with js stack, id: , UINodeId: 27, preStackSize: 0, newStackSize: 0
02-15 15:07:11.560 11998 11998 I C03922/com.xiaobingkj.shark/AceNavigation: [(100000:100000:scope)] last standard page index is -1
02-15 15:07:11.560 11998 11998 I C03922/com.xiaobingkj.shark/AceNavigation: [(100000:100000:scope)] page is not change. don't transition
02-15 15:07:11.563 11998 11998 W C03913/com.xiaobingkj.shark/AceText: [(100000:100000:scope)] destroy TxtParagraph with placeholderCnt_ 0, textAlign_ 0, count 0
02-15 15:07:12.281 11998 11998 I C01356/com.xiaobingkj.shark/Recovery: [app_recovery468]fileDir: /data/storage/el2/base/files
02-15 15:07:13.235 11998 12074 I C03F00/com.xiaobingkj.shark/ArkCompiler: [gc] SmartGC: app cold start just finished
02-15 15:07:13.485 11998 11998 I C02805/com.xiaobingkj.shark/InputKeyFlow: [][OnPointerEvent:242] ac: down: 20781
02-15 15:07:13.485 11998 11998 I C02805/com.xiaobingkj.shark/InputKeyFlow: [P:D:20781][OnPointerEvent:649] recv
02-15 15:07:13.485 11998 11998 I C04213/com.xiaobingkj.shark/InputKeyFlow: HandleInputEvent: eid:0,InputId:20781,wid:117,ac:2
02-15 15:07:13.486 11998 11998 I C03951/com.xiaobingkj.shark/InputKeyFlow: [(100000:100000:scope)] ITK Id:20781, fId:0, T:0, I=0, M=0
02-15 15:07:13.486 11998 11998 I C03951/com.xiaobingkj.shark/InputKeyFlow: [(100000:100000:scope)] ITK Id:20781, TTHNI:fId: 0{ T: Column, D: 7 };
02-15 15:07:13.486 11998 11998 I C03951/com.xiaobingkj.shark/InputKeyFlow: [(100000:100000:scope)] ITK Id:20781, TTHRTI: T ClickRecognizer info: { T: Column };
02-15 15:07:13.490 11998 11998 I C03919/com.xiaobingkj.shark/AceInputTracking: [(100000:100000:scope)] Consumed id:20781, last id:-1
02-15 15:07:13.490 11998 11998 I C04213/com.xiaobingkj.shark/InputKeyFlow: ConsumePointerEventInner: InputId:20781,wid:117,pointId:0,srcType:2,rect:[0,0,1224,2776],notify:1
02-15 15:07:13.490 11998 11998 I C02805/com.xiaobingkj.shark/InputKeyFlow: [][OnPointerEvent:242] ac: move: 20782
02-15 15:07:13.491 11998 12088 I C0390D/com.xiaobingkj.shark/AceOverlay: [(-1:100000:singleton)] RVS_ENABLE_CHECK Result: 0
02-15 15:07:13.552 11998 11998 I C02805/com.xiaobingkj.shark/InputKeyFlow: [][OnPointerEvent:242] ac: move, first: 20783-(2026-02-15 15:07:13.491ms), 20793, count: 11, last: ac: up: 20794
02-15 15:07:13.552 11998 11998 I C02805/com.xiaobingkj.shark/InputKeyFlow: [P:U:20794][OnPointerEvent:649] recv
02-15 15:07:13.552 11998 11998 I C04213/com.xiaobingkj.shark/InputKeyFlow: HandleInputEvent: eid:1,InputId:20794,wid:117,ac:4
02-15 15:07:13.553 11998 11998 I C03951/com.xiaobingkj.shark/InputKeyFlow: [(100000:100000:scope)] ITK Id:20794, fId:0, T:1, I=0, M=0
02-15 15:07:13.553 11998 11998 I C0391E/com.xiaobingkj.shark/AceGesture: [(100000:100000:scope)] Click try accept
02-15 15:07:13.553 11998 11998 I C03951/com.xiaobingkj.shark/InputKeyFlow: [(100000:100000:scope)] CLK RACC, T: Column
02-15 15:07:13.553 11998 11998 I C03916/com.xiaobingkj.shark/AceTabs: [(100000:100000:scope)] Clicked tabBarIndex: 2
02-15 15:07:13.553 11998 11998 I C03915/com.xiaobingkj.shark/AceSwiper: [(100000:100000:scope)] Swiper user finish animation id:6
02-15 15:07:13.554 11998 11998 I C03919/com.xiaobingkj.shark/AceInputTracking: [(100000:100000:scope)] Consumed id:20794, last id:20793
02-15 15:07:13.554 11998 11998 I C04213/com.xiaobingkj.shark/InputKeyFlow: ConsumePointerEventInner: InputId:20794,wid:117,pointId:0,srcType:2,rect:[0,0,1224,2776],notify:1
02-15 15:07:13.560 11998 11998 I C03922/com.xiaobingkj.shark/AceNavigation: [(100000:100000:scope)] navigation necessary to immediately trigger a refresh
02-15 15:07:13.564 11998 11998 W C03926/com.xiaobingkj.shark/AceTheme: [(100000:100000:scope)] style 125829872 not contains scrollable_pattern!
02-15 15:07:13.566 11998 11998 W C03926/com.xiaobingkj.shark/AceTheme: [(100000:100000:scope)] style 125829872 not contains scroll_bar_pattern!
02-15 15:07:13.566 11998 11998 W C03926/com.xiaobingkj.shark/AceTheme: [(100000:100000:scope)] style 125829872 not contains list_pattern!
02-15 15:07:13.573 11998 11998 W C03926/com.xiaobingkj.shark/AceTheme: [(100000:100000:scope)] style 125829872 not contains switch_pattern!
02-15 15:07:13.574 11998 11998 W C03926/com.xiaobingkj.shark/AceTheme: [(100000:100000:scope)] style switch_pattern not contains touch_animation_duration!
02-15 15:07:13.574 11998 11998 W C03926/com.xiaobingkj.shark/AceTheme: [(100000:100000:scope)] style 125829872 not contains toggle_pattern!
02-15 15:07:13.588 11998 11998 I C0390C/com.xiaobingkj.shark/AceFont: [(100000:100000:scope)] MeasureTextSize [maxW:inf, H:95.000000],[w:163.000000, h:95.000000]
02-15 15:07:13.588 11998 11998 I C03916/com.xiaobingkj.shark/AceTabs: [(100000:100000:scope)] onChange preIndex:0, currentIndex:2
02-15 15:07:13.589 11998 11998 I C03915/com.xiaobingkj.shark/AceSwiper: [(100000:100000:scope)] Swiper FireUnselectedEvent id:6, index:0
02-15 15:07:13.597 11998 11998 W C02D66/com.xiaobingkj.shark/Hiview-PerfMonitor: OnAnimatorStop: Animation has not started, sceneId: APP_TAB_SWITCH
02-15 15:07:13.598 11998 11998 I C03922/com.xiaobingkj.shark/AceNavigation: [(100000:100000:scope)] sync with js stack, id: , UINodeId: 140, preStackSize: 0, newStackSize: 0
02-15 15:07:13.598 11998 11998 I C03922/com.xiaobingkj.shark/AceNavigation: [(100000:100000:scope)] last standard page index is -1
02-15 15:07:13.598 11998 11998 I C03922/com.xiaobingkj.shark/AceNavigation: [(100000:100000:scope)] page is not change. don't transition
02-15 15:07:13.600 11998 11998 E C02C03/com.xiaobingkj.shark/PARAM_WATCHER: [nodict]Read result failed, code is: 1.
02-15 15:07:13.600 11998 11998 E C02C03/PARAM_WATCHER: Failed to add watcher for persist.rosen.animationtrace.enabled
02-15 15:07:13.600 11998 11998 E C02C03/PARAM_WATCHER: SystemWatchParameter is failed!keyPrefix is:persist.rosen.animationtrace.enabled,errNum is:-1
02-15 15:07:13.600 11998 11998 E C02C0B/BEGET: [service_watcher.c:83]WatchParameter failed! the errNum is -1
02-15 15:07:13.601 11998 11998 I C02C03/PARAM_WATCHER: Add watcher keyPrefix sys.graphic.openTestModeTrace remoteWatcherId 995 success
02-15 15:07:13.625 11998 11998 E C02C03/com.xiaobingkj.shark/PARAM_WATCHER: [nodict]Read result failed, code is: 1.
02-15 15:07:13.625 11998 11998 E C02C03/PARAM_WATCHER: Failed to add watcher for persist.rosen.animationtrace.enabled
02-15 15:07:13.625 11998 11998 E C02C03/PARAM_WATCHER: SystemWatchParameter is failed!keyPrefix is:persist.rosen.animationtrace.enabled,errNum is:-1
02-15 15:07:13.625 11998 11998 E C02C0B/BEGET: [service_watcher.c:83]WatchParameter failed! the errNum is -1
02-15 15:07:13.625 11998 11998 E C02C03/PARAM_WATCHER: Failed to add callback for sys.graphic.openTestModeTrace
02-15 15:07:13.625 11998 11998 E C02C03/PARAM_WATCHER: SystemWatchParameter is failed!keyPrefix is:sys.graphic.openTestModeTrace,errNum is:110
02-15 15:07:13.625 11998 11998 E C02C0B/BEGET: [service_watcher.c:83]WatchParameter failed! the errNum is 110
02-15 15:07:15.588 11998 11998 I C02805/com.xiaobingkj.shark/InputKeyFlow: [][OnPointerEvent:242] ac: down: 20795
02-15 15:07:15.588 11998 11998 I C02805/com.xiaobingkj.shark/InputKeyFlow: [P:D:20795][OnPointerEvent:649] recv
02-15 15:07:15.588 11998 11998 I C04213/com.xiaobingkj.shark/InputKeyFlow: HandleInputEvent: eid:2,InputId:20795,wid:117,ac:2
02-15 15:07:15.589 11998 11998 I C03951/com.xiaobingkj.shark/InputKeyFlow: [(100000:100000:scope)] ITK Id:20795, fId:0, T:0, I=0, M=0
02-15 15:07:15.589 11998 11998 I C03951/com.xiaobingkj.shark/InputKeyFlow: [(100000:100000:scope)] ITK Id:20795, TTHNI:fId: 0{ T: Swiper, D: 6 };{ T: List, D: 13 };{ T: ListItem, D: 15 };
02-15 15:07:15.589 11998 11998 I C03951/com.xiaobingkj.shark/InputKeyFlow: [(100000:100000:scope)] ITK Id:20795, TTHRTI: T ClickRecognizer info: { T: List }; { T: Row };T PanRecognizer info: { T: List };
02-15 15:07:15.591 11998 11998 I C0394B/com.xiaobingkj.shark/AceScrollBar: [(100000:100000:scope)] inner scrollBar touch down, panDirection: 0
02-15 15:07:15.591 11998 11998 I C03915/com.xiaobingkj.shark/AceSwiper: [(100000:100000:scope)] Swiper HandleTouchDown id: 6
02-15 15:07:15.592 11998 11998 I C03919/com.xiaobingkj.shark/AceInputTracking: [(100000:100000:scope)] Consumed id:20795, last id:20793
02-15 15:07:15.592 11998 11998 I C04213/com.xiaobingkj.shark/InputKeyFlow: ConsumePointerEventInner: InputId:20795,wid:117,pointId:0,srcType:2,rect:[0,0,1224,2776],notify:1
02-15 15:07:15.593 11998 11998 I C01406/com.xiaobingkj.shark/OHOS::RS: [RenderAnimation] Id: 51531017617413 SetExpectedFrameRateRange{0, 90, 15}
02-15 15:07:15.593 11998 11998 I C02805/com.xiaobingkj.shark/InputKeyFlow: [][OnPointerEvent:242] ac: move: 20796
02-15 15:07:15.654 11998 11998 I C02805/com.xiaobingkj.shark/InputKeyFlow: [][OnPointerEvent:242] ac: move, first: 20797-(2026-02-15 15:07:15.597ms), 20804, count: 8, last: ac: up: 20805
02-15 15:07:15.654 11998 11998 I C02805/com.xiaobingkj.shark/InputKeyFlow: [P:U:20805][OnPointerEvent:649] recv
02-15 15:07:15.654 11998 11998 I C04213/com.xiaobingkj.shark/InputKeyFlow: HandleInputEvent: eid:3,InputId:20805,wid:117,ac:4
02-15 15:07:15.655 11998 11998 I C03951/com.xiaobingkj.shark/InputKeyFlow: [(100000:100000:scope)] ITK Id:20805, fId:0, T:1, I=0, M=0
02-15 15:07:15.655 11998 11998 I C03915/com.xiaobingkj.shark/AceSwiper: [(100000:100000:scope)] Swiper HandleTouchUp id: 6
02-15 15:07:15.655 11998 11998 I C0391E/com.xiaobingkj.shark/AceGesture: [(100000:100000:scope)] Click try accept
02-15 15:07:15.655 11998 11998 I C0390B/com.xiaobingkj.shark/AceScrollable: [(100000:100000:scope)] Scrollable GestureJudge:0, 0
02-15 15:07:15.655 11998 11998 I C0391E/com.xiaobingkj.shark/AceGesture: [(100000:100000:scope)] Click gesture judge reject
02-15 15:07:15.655 11998 11998 I C0391E/com.xiaobingkj.shark/AceGesture: [(100000:100000:scope)] Click try accept
02-15 15:07:15.655 11998 11998 I C03951/com.xiaobingkj.shark/InputKeyFlow: [(100000:100000:scope)] CLK RACC, T: Row
02-15 15:07:15.655 11998 11998 I C01C01/com.xiaobingkj.shark/PBC: GetPasteboardService# GetPasteboardService start.
02-15 15:07:15.656 11998 11998 I C01C01/com.xiaobingkj.shark/PBC: GetPasteboardService# Get PasteboardServiceProxy succeed.
02-15 15:07:15.657 11998 11998 I C02D07/com.xiaobingkj.shark/ObserverMgr: register processor=1 exit
02-15 15:07:15.657 11998 12233 I C01C01/com.xiaobingkj.shark/PBC: SetPasteData# enter
02-15 15:07:15.659 11998 12233 I C01C01/com.xiaobingkj.shark/PBC: WritePasteData# set: fd:67, size:476
02-15 15:07:15.667 11998 12233 I C01C01/com.xiaobingkj.shark/PBC: SetPasteData# leave, ret=27787264
02-15 15:07:15.667 11998 11998 W C03926/com.xiaobingkj.shark/AceTheme: [(100000:100000:scope)] style 125829872 not contains toast_pattern!
02-15 15:07:15.668 11998 11998 W C03926/com.xiaobingkj.shark/AceTheme: [(100000:100000:scope)] style ohos_shadow_pattern not contains shadow_style_default_md_radius!
02-15 15:07:15.669 11998 11998 I C03919/com.xiaobingkj.shark/AceInputTracking: [(100000:100000:scope)] Consumed id:20805, last id:20804
02-15 15:07:15.669 11998 11998 I C04213/com.xiaobingkj.shark/InputKeyFlow: ConsumePointerEventInner: InputId:20805,wid:117,pointId:0,srcType:2,rect:[0,0,1224,2776],notify:1
02-15 15:07:15.670 11998 11998 I C0390D/com.xiaobingkj.shark/AceOverlay: [(100000:100000:scope)] Toast node mount to root node
02-15 15:07:15.670 11998 11998 I C03900/com.xiaobingkj.shark/Ace: [(100000:100000:scope)] Put node level order. nodeId: 237, levelOrder: 0.000000
02-15 15:07:15.670 11998 11998 I C0390D/com.xiaobingkj.shark/AceOverlay: [(100000:100000:scope)] open toast animation enter, containerId:100000
02-15 15:07:15.671 11998 11998 W C03926/com.xiaobingkj.shark/AceTheme: [(100000:100000:scope)] style 125829872 not contains dialog_pattern!
02-15 15:07:15.672 11998 11998 W C03926/com.xiaobingkj.shark/AceTheme: [(100000:100000:scope)] style dialog_pattern not contains shadow_dialog!
02-15 15:07:15.672 11998 11998 W C03926/com.xiaobingkj.shark/AceTheme: [(100000:100000:scope)] style dialog_pattern not contains button_bottom_top_margin!
02-15 15:07:15.672 11998 11998 W C03926/com.xiaobingkj.shark/AceTheme: [(100000:100000:scope)] style dialog_pattern not contains title_padding_horizontal!
02-15 15:07:15.672 11998 11998 W C03926/com.xiaobingkj.shark/AceTheme: [(100000:100000:scope)] style dialog_pattern not contains dialog_content_top_padding!
02-15 15:07:15.672 11998 11998 W C03926/com.xiaobingkj.shark/AceTheme: [(100000:100000:scope)] style dialog_pattern get attr dialog_padding_actions_left error!
02-15 15:07:15.672 11998 11998 W C03926/com.xiaobingkj.shark/AceTheme: [(100000:100000:scope)] style dialog_pattern get attr dialog_padding_actions_top error!
02-15 15:07:15.672 11998 11998 W C03926/com.xiaobingkj.shark/AceTheme: [(100000:100000:scope)] style dialog_pattern get attr dialog_padding_actions_right error!
02-15 15:07:15.672 11998 11998 W C03926/com.xiaobingkj.shark/AceTheme: [(100000:100000:scope)] style dialog_pattern get attr dialog_padding_actions_bottom error!
02-15 15:07:15.674 11998 12086 I C02D07/com.xiaobingkj.shark/Config: get free size=406377861120
02-15 15:07:15.674 11998 12086 I C02D07/com.xiaobingkj.shark/ObserverMgr: init watchers
02-15 15:07:16.296 11998 11998 I C02805/com.xiaobingkj.shark/InputKeyFlow: [][OnPointerEvent:242] ac: down: 20806
02-15 15:07:16.296 11998 11998 I C02805/com.xiaobingkj.shark/InputKeyFlow: [P:D:20806][OnPointerEvent:649] recv
02-15 15:07:16.296 11998 11998 I C04213/com.xiaobingkj.shark/InputKeyFlow: HandleInputEvent: eid:4,InputId:20806,wid:117,ac:2
02-15 15:07:16.296 11998 11998 I C03951/com.xiaobingkj.shark/InputKeyFlow: [(100000:100000:scope)] ITK Id:20806, fId:0, T:0, I=0, M=0
02-15 15:07:16.297 11998 11998 I C03951/com.xiaobingkj.shark/InputKeyFlow: [(100000:100000:scope)] ITK Id:20806, TTHNI:fId: 0{ T: Swiper, D: 6 };{ T: List, D: 13 };{ T: ListItem, D: 15 };
02-15 15:07:16.297 11998 11998 I C03951/com.xiaobingkj.shark/InputKeyFlow: [(100000:100000:scope)] ITK Id:20806, TTHRTI: T ClickRecognizer info: { T: List }; { T: Row };T PanRecognizer info: { T: List };
02-15 15:07:16.298 11998 11998 I C0394B/com.xiaobingkj.shark/AceScrollBar: [(100000:100000:scope)] inner scrollBar touch down, panDirection: 0
02-15 15:07:16.298 11998 11998 I C03915/com.xiaobingkj.shark/AceSwiper: [(100000:100000:scope)] Swiper HandleTouchDown id: 6
02-15 15:07:16.298 11998 11998 I C03919/com.xiaobingkj.shark/AceInputTracking: [(100000:100000:scope)] Consumed id:20806, last id:20804
02-15 15:07:16.298 11998 11998 I C04213/com.xiaobingkj.shark/InputKeyFlow: ConsumePointerEventInner: InputId:20806,wid:117,pointId:0,srcType:2,rect:[0,0,1224,2776],notify:1
02-15 15:07:16.301 11998 11998 I C02805/com.xiaobingkj.shark/InputKeyFlow: [][OnPointerEvent:242] ac: move: 20807
02-15 15:07:16.342 11998 11998 I C02805/com.xiaobingkj.shark/InputKeyFlow: [][OnPointerEvent:242] ac: move, first: 20808-(2026-02-15 15:07:16.303ms), 20813, count: 6, last: ac: up: 20814
02-15 15:07:16.343 11998 11998 I C02805/com.xiaobingkj.shark/InputKeyFlow: [P:U:20814][OnPointerEvent:649] recv
02-15 15:07:16.343 11998 11998 I C04213/com.xiaobingkj.shark/InputKeyFlow: HandleInputEvent: eid:5,InputId:20814,wid:117,ac:4
02-15 15:07:16.343 11998 11998 I C03951/com.xiaobingkj.shark/InputKeyFlow: [(100000:100000:scope)] ITK Id:20814, fId:0, T:1, I=0, M=0
02-15 15:07:16.343 11998 11998 I C03915/com.xiaobingkj.shark/AceSwiper: [(100000:100000:scope)] Swiper HandleTouchUp id: 6
02-15 15:07:16.343 11998 11998 I C0391E/com.xiaobingkj.shark/AceGesture: [(100000:100000:scope)] Click try accept
02-15 15:07:16.343 11998 11998 I C0390B/com.xiaobingkj.shark/AceScrollable: [(100000:100000:scope)] Scrollable GestureJudge:0, 0
02-15 15:07:16.343 11998 11998 I C0391E/com.xiaobingkj.shark/AceGesture: [(100000:100000:scope)] Click gesture judge reject
02-15 15:07:16.343 11998 11998 I C0391E/com.xiaobingkj.shark/AceGesture: [(100000:100000:scope)] Click try accept
02-15 15:07:16.343 11998 11998 I C03951/com.xiaobingkj.shark/InputKeyFlow: [(100000:100000:scope)] CLK RACC, T: Row
02-15 15:07:16.355 11998 11998 W C03F00/com.xiaobingkj.shark/ArkCompiler: [default] [Call] occur exception need return
02-15 15:07:16.355 11998 11998 E C03F00/com.xiaobingkj.shark/ArkCompiler: [ecmascript] Pending exception before ExecutePendingJob called, in line:5942, exception details as follows:
02-15 15:07:16.356 11998 11998 E C03F00/com.xiaobingkj.shark/ArkCompiler: TypeError: Cannot read property getHostContext of undefined
02-15 15:07:16.356 11998 11998 E C03F00/com.xiaobingkj.shark/ArkCompiler:     at openGithubRun entry (entry/src/main/ets/pages/SettingView.ets:54:54)
02-15 15:07:16.356 11998 11998 E C03F00/com.xiaobingkj.shark/ArkCompiler:     at onclick entry (entry/src/main/ets/pages/SettingView.ets:161:24)
02-15 15:07:16.356 11998 11998 E C03F00/com.xiaobingkj.shark/ArkCompiler:     at anonymous entry (entry/src/main/ets/common/CardRightItem.ets:55:12)
02-15 15:07:16.356 11998 11998 W C03900/com.xiaobingkj.shark/Ace: [(100000:100000:scope)] after call jsFunction hasError, empty: 0, caught: 1
02-15 15:07:16.359 11998 11998 I C03F00/com.xiaobingkj.shark/ArkCompiler: [ecmascript] Add reference, count: 1
02-15 15:07:16.374 11998 11998 I C01356/com.xiaobingkj.shark/Recovery: [app_recovery255]scheduleRecoverApp  begin
02-15 15:07:16.374 11998 11998 E C01317/com.xiaobingkj.shark/AppKit: [MAINTHD2051]
02-15 15:07:16.374 11998 11998 E C01317/com.xiaobingkj.shark/AppKit: com.xiaobingkj.shark is about to exit due to RuntimeError
02-15 15:07:16.374 11998 11998 E C01317/com.xiaobingkj.shark/AppKit: Error type:TypeError
02-15 15:07:16.374 11998 11998 E C01317/com.xiaobingkj.shark/AppKit: Error name:TypeError
02-15 15:07:16.374 11998 11998 E C01317/com.xiaobingkj.shark/AppKit: Error message:Cannot read property getHostContext of undefined
02-15 15:07:16.374 11998 11998 E C01317/com.xiaobingkj.shark/AppKit: Stacktrace:
02-15 15:07:16.374 11998 11998 E C01317/com.xiaobingkj.shark/AppKit:     at openGithubRun entry (entry/src/main/ets/pages/SettingView.ets:54:54)
02-15 15:07:16.374 11998 11998 E C01317/com.xiaobingkj.shark/AppKit:     at onclick entry (entry/src/main/ets/pages/SettingView.ets:161:24)
02-15 15:07:16.374 11998 11998 E C01317/com.xiaobingkj.shark/AppKit:     at anonymous entry (entry/src/main/ets/common/CardRightItem.ets:55:12)
02-15 15:07:16.374 11998 11998 E C01317/com.xiaobingkj.shark/AppKit: HybridStack:
02-15 15:07:16.374 11998 11998 E C01317/com.xiaobingkj.shark/AppKit: #00 pc 00000000005659bc /system/lib64/platformsdk/libark_jsruntime.so(1fbc7781e52c91f8ef788e22d5b6bd0d)
02-15 15:07:16.374 11998 11998 E C01317/com.xiaobingkj.shark/AppKit: #01 pc 0000000000563cbc /system/lib64/platformsdk/libark_jsruntime.so(1fbc7781e52c91f8ef788e22d5b6bd0d)
02-15 15:07:16.374 11998 11998 E C01317/com.xiaobingkj.shark/AppKit: #02 pc 0000000000563698 /system/lib64/platformsdk/libark_jsruntime.so(1fbc7781e52c91f8ef788e22d5b6bd0d)
02-15 15:07:16.374 11998 11998 E C01317/com.xiaobingkj.shark/AppKit: #03 pc 0000000000443b64 /system/lib64/platformsdk/libark_jsruntime.so(1fbc7781e52c91f8ef788e22d5b6bd0d)
02-15 15:07:16.374 11998 11998 E C01317/com.xiaobingkj.shark/AppKit: #04 pc 000000000034cc90 /system/lib64/platformsdk/libark_jsruntime.so(panda::ecmascript::ObjectFactory::GetJSError(panda::ecmascript::base::ErrorType const&, char const*, panda::ecmascript::StackCheck)+292)(1fbc7781e52c91f8ef788e22d5b6bd0d)
02-15 15:07:16.374 11998 11998 E C01317/com.xiaobingkj.shark/AppKit: #05 pc 0000000000312ed8 /system/lib64/platformsdk/libark_jsruntime.so(1fbc7781e52c91f8ef788e22d5b6bd0d)
02-15 15:07:16.374 11998 11998 E C01317/com.xiaobingkj.shark/AppKit: #06 pc 00000000003103bc /system/lib64/platformsdk/libark_jsruntime.so(1fbc7781e52c91f8ef788e22d5b6bd0d)
02-15 15:07:16.374 11998 11998 E C01317/com.xiaobingkj.shark/AppKit: #07 pc 0000000000e2714c /system/lib64/module/arkcompiler/stub.an(RTStub_CallRuntime+44)
02-15 15:07:16.374 11998 11998 E C01317/com.xiaobingkj.shark/AppKit: #08 pc 0000000000479ac8 /system/lib64/module/arkcompiler/stub.an(BCStub_HandleLdobjbynameImm8Id16StwCopy+5408)
02-15 15:07:16.374 11998 11998 E C01317/com.xiaobingkj.shark/AppKit: #09 at openGithubRun entry (entry/src/main/ets/pages/SettingView.ets:54:54)
02-15 15:07:16.374 11998 11998 E C01317/com.xiaobingkj.shark/AppKit: #10 at onclick entry (entry/src/main/ets/pages/SettingView.ets:161:24)
02-15 15:07:16.374 11998 11998 E C01317/com.xiaobingkj.shark/AppKit: #11 at anonymous entry (entry/src/main/ets/common/CardRightItem.ets:55:12)
02-15 15:07:16.374 11998 11998 E C01317/com.xiaobingkj.shark/AppKit: #12 pc 00000000002b3848 /system/lib64/platformsdk/libark_jsruntime.so(1fbc7781e52c91f8ef788e22d5b6bd0d)
02-15 15:07:16.374 11998 11998 E C01317/com.xiaobingkj.shark/AppKit: #13 pc 00000000006d8e98 /system/lib64/platformsdk/libark_jsruntime.so(panda::FunctionRef::Call(panda::ecmascript::EcmaVM const*, panda::Local<panda::JSValueRef>, panda::Local<panda::JSValueRef> const*, int)+520)(1fbc7781e52c91f8ef788e22d5b6bd0d)
02-15 15:07:16.374 11998 11998 E C01317/com.xiaobingkj.shark/AppKit: #14 pc 0000000000a402c8 /system/lib64/platformsdk/libace_compatible.z.so(e396829cf06b76ec87ccc92d7e45e3ed)
02-15 15:07:16.374 11998 11998 E C01317/com.xiaobingkj.shark/AppKit: #15 pc 0000000000ac59a8 /system/lib64/platformsdk/libace_compatible.z.so(e396829cf06b76ec87ccc92d7e45e3ed)
02-15 15:07:16.374 11998 11998 E C01317/com.xiaobingkj.shark/AppKit: #16 pc 00000000010a1544 /system/lib64/platformsdk/libace_compatible.z.so(e396829cf06b76ec87ccc92d7e45e3ed)
02-15 15:07:16.374 11998 11998 E C01317/com.xiaobingkj.shark/AppKit: #17 pc 00000000010a01f0 /system/lib64/platformsdk/libace_compatible.z.so(e396829cf06b76ec87ccc92d7e45e3ed)
02-15 15:07:16.374 11998 11998 E C01317/com.xiaobingkj.shark/AppKit: #18 pc 000000000136e0e0 /system/lib64/platformsdk/libace_compatible.z.so(e396829cf06b76ec87ccc92d7e45e3ed)
02-15 15:07:16.374 11998 11998 E C01317/com.xiaobingkj.shark/AppKit: #19 pc 000000000111ff40 /system/lib64/platformsdk/libace_compatible.z.so(e396829cf06b76ec87ccc92d7e45e3ed)
02-15 15:07:16.374 11998 11998 E C01317/com.xiaobingkj.shark/AppKit: #20 pc 0000000000ee8254 /system/lib64/platformsdk/libace_compatible.z.so(e396829cf06b76ec87ccc92d7e45e3ed)
02-15 15:07:16.374 11998 11998 E C01317/com.xiaobingkj.shark/AppKit: #21 pc 0000000000ce8770 /system/lib64/platformsdk/libace_compatible.z.so(e396829cf06b76ec87ccc92d7e45e3ed)
02-15 15:07:16.374 11998 11998 E C01317/com.xiaobingkj.shark/AppKit: #22 pc 0000000000ee813c /system/lib64/platformsdk/libace_compatible.z.so(e396829cf06b76ec87ccc92d7e45e3ed)
02-15 15:07:16.374 11998 11998 E C01317/com.xiaobingkj.shark/AppKit: #23 pc 0000000000c17dd4 /system/lib64/platformsdk/libace_compatible.z.so(e396829cf06b76ec87ccc92d7e45e3ed)
02-15 15:07:16.374 11998 11998 E C01317/com.xiaobingkj.shark/AppKit: #24 pc 0000000000c17bf0 /system/lib64/platformsdk/libace_compatible.z.so(e396829cf06b76ec87ccc92d7e45e3ed)
02-15 15:07:16.374 11998 11998 E C01317/com.xiaobingkj.shark/AppKit: #25 pc 0000000000c178d8 /system/lib64/platformsdk/libace_compatible.z.so(e396829cf06b76ec87ccc92d7e45e3ed)
02-15 15:07:16.374 11998 11998 E C01317/com.xiaobingkj.shark/AppKit: #26 pc 0000000000c17ad8 /system/lib64/platformsdk/libace_compatible.z.so(e396829cf06b76ec87ccc92d7e45e3ed)
02-15 15:07:16.374 11998 11998 E C01317/com.xiaobingkj.shark/AppKit: #27 pc 0000000001373e78 /system/lib64/platformsdk/libace_compatible.z.so(e396829cf06b76ec87ccc92d7e45e3ed)
02-15 15:07:16.374 11998 11998 E C01317/com.xiaobingkj.shark/AppKit: #28 pc 0000000000acbe80 /system/lib64/platformsdk/libace_compatible.z.so(e396829cf06b76ec87ccc92d7e45e3ed)
02-15 15:07:16.374 11998 11998 E C01317/com.xiaobingkj.shark/AppKit: #29 pc 0000000000acb644 /system/lib64/platformsdk/libace_compatible.z.so(e396829cf06b76ec87ccc92d7e45e3ed)
02-15 15:07:16.374 11998 11998 E C01317/com.xiaobingkj.shark/AppKit: #30 pc 0000000000bce330 /system/lib64/platformsdk/libace_compatible.z.so(e396829cf06b76ec87ccc92d7e45e3ed)
02-15 15:07:16.374 11998 11998 E C01317/com.xiaobingkj.shark/AppKit: #31 pc 0000000000afa144 /system/lib64/platformsdk/libace_compatible.z.so(e396829cf06b76ec87ccc92d7e45e3ed)
02-15 15:07:16.374 11998 11998 E C01317/com.xiaobingkj.shark/AppKit: #32 pc 0000000000af6730 /system/lib64/platformsdk/libace_compatible.z.so(e396829cf06b76ec87ccc92d7e45e3ed)
02-15 15:07:16.374 11998 11998 E C01317/com.xiaobingkj.shark/AppKit: #3
02-15 15:07:16.374 11998 11998 W C01317/com.xiaobingkj.shark/AppKit: [MAINTHD2063]hisysevent write result=0, send event [FRAMEWORK,PROCESS_KILL], pid=11998, processName=com.xiaobingkj.shark, msg=Kill Reason:Js Error, foreground=1, isUncatchable=0
